Component: ARM Compiler 5.06 update 1 (build 61) Tool: armlink [4d35a8]

==============================================================================

Section Cross References

    stm32f2xx_hal_uart.o(i.HAL_HalfDuplex_Init) refers to usart.o(i.HAL_UART_MspInit) for HAL_UART_MspInit
    stm32f2xx_hal_uart.o(i.HAL_HalfDuplex_Init) refers to stm32f2xx_hal_uart.o(i.UART_SetConfig) for UART_SetConfig
    stm32f2xx_hal_uart.o(i.HAL_LIN_Init) refers to usart.o(i.HAL_UART_MspInit) for HAL_UART_MspInit
    stm32f2xx_hal_uart.o(i.HAL_LIN_Init) refers to stm32f2xx_hal_uart.o(i.UART_SetConfig) for UART_SetConfig
    stm32f2xx_hal_uart.o(i.HAL_MultiProcessor_Init) refers to usart.o(i.HAL_UART_MspInit) for HAL_UART_MspInit
    stm32f2xx_hal_uart.o(i.HAL_MultiProcessor_Init) refers to stm32f2xx_hal_uart.o(i.UART_SetConfig) for UART_SetConfig
    stm32f2xx_hal_uart.o(i.HAL_UART_Abort) refers to stm32f2xx_hal_dma.o(i.HAL_DMA_Abort) for HAL_DMA_Abort
    stm32f2xx_hal_uart.o(i.HAL_UART_AbortReceive) refers to stm32f2xx_hal_dma.o(i.HAL_DMA_Abort) for HAL_DMA_Abort
    stm32f2xx_hal_uart.o(i.HAL_UART_AbortReceive_IT) refers to stm32f2xx_hal_dma.o(i.HAL_DMA_Abort_IT) for HAL_DMA_Abort_IT
    stm32f2xx_hal_uart.o(i.HAL_UART_AbortReceive_IT) refers to stm32f2xx_hal_uart.o(i.HAL_UART_AbortReceiveCpltCallback) for HAL_UART_AbortReceiveCpltCallback
    stm32f2xx_hal_uart.o(i.HAL_UART_AbortReceive_IT) refers to stm32f2xx_hal_uart.o(i.UART_DMARxOnlyAbortCallback) for UART_DMARxOnlyAbortCallback
    stm32f2xx_hal_uart.o(i.HAL_UART_AbortTransmit) refers to stm32f2xx_hal_dma.o(i.HAL_DMA_Abort) for HAL_DMA_Abort
    stm32f2xx_hal_uart.o(i.HAL_UART_AbortTransmit_IT) refers to stm32f2xx_hal_dma.o(i.HAL_DMA_Abort_IT) for HAL_DMA_Abort_IT
    stm32f2xx_hal_uart.o(i.HAL_UART_AbortTransmit_IT) refers to stm32f2xx_hal_uart.o(i.HAL_UART_AbortTransmitCpltCallback) for HAL_UART_AbortTransmitCpltCallback
    stm32f2xx_hal_uart.o(i.HAL_UART_AbortTransmit_IT) refers to stm32f2xx_hal_uart.o(i.UART_DMATxOnlyAbortCallback) for UART_DMATxOnlyAbortCallback
    stm32f2xx_hal_uart.o(i.HAL_UART_Abort_IT) refers to stm32f2xx_hal_dma.o(i.HAL_DMA_Abort_IT) for HAL_DMA_Abort_IT
    stm32f2xx_hal_uart.o(i.HAL_UART_Abort_IT) refers to stm32f2xx_hal_uart.o(i.HAL_UART_AbortCpltCallback) for HAL_UART_AbortCpltCallback
    stm32f2xx_hal_uart.o(i.HAL_UART_Abort_IT) refers to stm32f2xx_hal_uart.o(i.UART_DMATxAbortCallback) for UART_DMATxAbortCallback
    stm32f2xx_hal_uart.o(i.HAL_UART_Abort_IT) refers to stm32f2xx_hal_uart.o(i.UART_DMARxAbortCallback) for UART_DMARxAbortCallback
    stm32f2xx_hal_uart.o(i.HAL_UART_DMAStop) refers to stm32f2xx_hal_dma.o(i.HAL_DMA_Abort) for HAL_DMA_Abort
    stm32f2xx_hal_uart.o(i.HAL_UART_DMAStop) refers to stm32f2xx_hal_uart.o(i.UART_EndTxTransfer) for UART_EndTxTransfer
    stm32f2xx_hal_uart.o(i.HAL_UART_DMAStop) refers to stm32f2xx_hal_uart.o(i.UART_EndRxTransfer) for UART_EndRxTransfer
    stm32f2xx_hal_uart.o(i.HAL_UART_DeInit) refers to usart.o(i.HAL_UART_MspDeInit) for HAL_UART_MspDeInit
    stm32f2xx_hal_uart.o(i.HAL_UART_IRQHandler) refers to stm32f2xx_hal_uart.o(i.UART_Receive_IT) for UART_Receive_IT
    stm32f2xx_hal_uart.o(i.HAL_UART_IRQHandler) refers to stm32f2xx_hal_uart.o(i.UART_EndRxTransfer) for UART_EndRxTransfer
    stm32f2xx_hal_uart.o(i.HAL_UART_IRQHandler) refers to stm32f2xx_hal_dma.o(i.HAL_DMA_Abort_IT) for HAL_DMA_Abort_IT
    stm32f2xx_hal_uart.o(i.HAL_UART_IRQHandler) refers to stm32f2xx_hal_uart.o(i.HAL_UART_ErrorCallback) for HAL_UART_ErrorCallback
    stm32f2xx_hal_uart.o(i.HAL_UART_IRQHandler) refers to stm32f2xx_hal_uart.o(i.UART_Transmit_IT) for UART_Transmit_IT
    stm32f2xx_hal_uart.o(i.HAL_UART_IRQHandler) refers to usart.o(i.HAL_UART_TxCpltCallback) for HAL_UART_TxCpltCallback
    stm32f2xx_hal_uart.o(i.HAL_UART_IRQHandler) refers to stm32f2xx_hal_uart.o(i.UART_DMAAbortOnError) for UART_DMAAbortOnError
    stm32f2xx_hal_uart.o(i.HAL_UART_Init) refers to usart.o(i.HAL_UART_MspInit) for HAL_UART_MspInit
    stm32f2xx_hal_uart.o(i.HAL_UART_Init) refers to stm32f2xx_hal_uart.o(i.UART_SetConfig) for UART_SetConfig
    stm32f2xx_hal_uart.o(i.HAL_UART_Receive) refers to stm32f2xx_hal.o(i.HAL_GetTick) for HAL_GetTick
    stm32f2xx_hal_uart.o(i.HAL_UART_Receive) refers to stm32f2xx_hal_uart.o(i.UART_WaitOnFlagUntilTimeout) for UART_WaitOnFlagUntilTimeout
    stm32f2xx_hal_uart.o(i.HAL_UART_Receive_DMA) refers to stm32f2xx_hal_dma.o(i.HAL_DMA_Start_IT) for HAL_DMA_Start_IT
    stm32f2xx_hal_uart.o(i.HAL_UART_Receive_DMA) refers to stm32f2xx_hal_uart.o(i.UART_DMAReceiveCplt) for UART_DMAReceiveCplt
    stm32f2xx_hal_uart.o(i.HAL_UART_Receive_DMA) refers to stm32f2xx_hal_uart.o(i.UART_DMARxHalfCplt) for UART_DMARxHalfCplt
    stm32f2xx_hal_uart.o(i.HAL_UART_Receive_DMA) refers to stm32f2xx_hal_uart.o(i.UART_DMAError) for UART_DMAError
    stm32f2xx_hal_uart.o(i.HAL_UART_Transmit) refers to stm32f2xx_hal.o(i.HAL_GetTick) for HAL_GetTick
[...]
    Removing stm32f2xx_hal_rcc_ex.o(i.HAL_RCCEx_PeriphCLKConfig), (340 bytes).
    Removing stm32f2xx_hal_pwr.o(.rev16_text), (4 bytes).
    Removing stm32f2xx_hal_pwr.o(.revsh_text), (4 bytes).
    Removing stm32f2xx_hal_pwr.o(.rrx_text), (6 bytes).
    Removing stm32f2xx_hal_pwr.o(i.HAL_PWR_ConfigPVD), (124 bytes).
    Removing stm32f2xx_hal_pwr.o(i.HAL_PWR_DeInit), (24 bytes).
    Removing stm32f2xx_hal_pwr.o(i.HAL_PWR_DisableBkUpAccess), (28 bytes).
    Removing stm32f2xx_hal_pwr.o(i.HAL_PWR_DisablePVD), (24 bytes).
    Removing stm32f2xx_hal_pwr.o(i.HAL_PWR_DisableSEVOnPend), (16 bytes).
    Removing stm32f2xx_hal_pwr.o(i.HAL_PWR_DisableSleepOnExit), (16 bytes).
    Removing stm32f2xx_hal_pwr.o(i.HAL_PWR_DisableWakeUpPin), (16 bytes).
    Removing stm32f2xx_hal_pwr.o(i.HAL_PWR_EnableBkUpAccess), (24 bytes).
    Removing stm32f2xx_hal_pwr.o(i.HAL_PWR_EnablePVD), (24 bytes).
    Removing stm32f2xx_hal_pwr.o(i.HAL_PWR_EnableSEVOnPend), (16 bytes).
    Removing stm32f2xx_hal_pwr.o(i.HAL_PWR_EnableSleepOnExit), (16 bytes).
    Removing stm32f2xx_hal_pwr.o(i.HAL_PWR_EnableWakeUpPin), (16 bytes).
    Removing stm32f2xx_hal_pwr.o(i.HAL_PWR_EnterSLEEPMode), (32 bytes).
    Removing stm32f2xx_hal_pwr.o(i.HAL_PWR_EnterSTANDBYMode), (32 bytes).
    Removing stm32f2xx_hal_pwr.o(i.HAL_PWR_EnterSTOPMode), (56 bytes).
    Removing stm32f2xx_hal_pwr.o(i.HAL_PWR_PVDCallback), (2 bytes).
    Removing stm32f2xx_hal_pwr.o(i.HAL_PWR_PVD_IRQHandler), (28 bytes).
    Removing stm32f2xx_hal_spi.o(.rev16_text), (4 bytes).
    Removing stm32f2xx_hal_spi.o(.revsh_text), (4 bytes).
    Removing stm32f2xx_hal_spi.o(.rrx_text), (6 bytes).
    Removing stm32f2xx_hal_spi.o(i.HAL_SPI_DMAStop), (40 bytes).
    Removing stm32f2xx_hal_spi.o(i.HAL_SPI_DeInit), (46 bytes).
    Removing stm32f2xx_hal_spi.o(i.HAL_SPI_ErrorCallback), (2 bytes).
    Removing stm32f2xx_hal_spi.o(i.HAL_SPI_GetError), (4 bytes).
    Removing stm32f2xx_hal_spi.o(i.HAL_SPI_GetState), (6 bytes).
    Removing stm32f2xx_hal_spi.o(i.HAL_SPI_IRQHandler), (212 bytes).
    Removing stm32f2xx_hal_spi.o(i.HAL_SPI_MspDeInit), (2 bytes).
    Removing stm32f2xx_hal_spi.o(i.HAL_SPI_MspInit), (2 bytes).
    Removing stm32f2xx_hal_spi.o(i.HAL_SPI_Receive), (336 bytes).
    Removing stm32f2xx_hal_spi.o(i.HAL_SPI_Receive_DMA), (212 bytes).
    Removing stm32f2xx_hal_spi.o(i.HAL_SPI_Receive_IT), (164 bytes).
    Removing stm32f2xx_hal_spi.o(i.HAL_SPI_RxCpltCallback), (2 bytes).
    Removing stm32f2xx_hal_spi.o(i.HAL_SPI_RxHalfCpltCallback), (2 bytes).
    Removing stm32f2xx_hal_spi.o(i.HAL_SPI_Transmit), (360 bytes).
    Removing stm32f2xx_hal_spi.o(i.HAL_SPI_TransmitReceive), (472 bytes).
    Removing stm32f2xx_hal_spi.o(i.HAL_SPI_TransmitReceive_DMA), (264 bytes).
    Removing stm32f2xx_hal_spi.o(i.HAL_SPI_TransmitReceive_IT), (164 bytes).
    Removing stm32f2xx_hal_spi.o(i.HAL_SPI_Transmit_DMA), (184 bytes).
    Removing stm32f2xx_hal_spi.o(i.HAL_SPI_Transmit_IT), (152 bytes).
    Removing stm32f2xx_hal_spi.o(i.HAL_SPI_TxCpltCallback), (2 bytes).
    Removing stm32f2xx_hal_spi.o(i.HAL_SPI_TxHalfCpltCallback), (2 bytes).
    Removing stm32f2xx_hal_spi.o(i.HAL_SPI_TxRxCpltCallback), (2 bytes).
    Removing stm32f2xx_hal_spi.o(i.HAL_SPI_TxRxHalfCpltCallback), (2 bytes).
    Removing stm32f2xx_hal_spi.o(i.SPI_2linesRxISR_16BIT), (48 bytes).
    Removing stm32f2xx_hal_spi.o(i.SPI_2linesRxISR_8BIT), (46 bytes).
    Removing stm32f2xx_hal_spi.o(i.SPI_2linesTxISR_16BIT), (48 bytes).
    Removing stm32f2xx_hal_spi.o(i.SPI_2linesTxISR_8BIT), (46 bytes).
    Removing stm32f2xx_hal_spi.o(i.SPI_CheckFlag_BSY), (32 bytes).
    Removing stm32f2xx_hal_spi.o(i.SPI_CloseRxTx_ISR), (144 bytes).
    Removing stm32f2xx_hal_spi.o(i.SPI_CloseRx_ISR), (78 bytes).
    Removing stm32f2xx_hal_spi.o(i.SPI_CloseTx_ISR), (124 bytes).
    Removing stm32f2xx_hal_spi.o(i.SPI_DMAAbortOnError), (16 bytes).
    Removing stm32f2xx_hal_spi.o(i.SPI_DMAError), (34 bytes).
    Removing stm32f2xx_hal_spi.o(i.SPI_DMAHalfReceiveCplt), (10 bytes).
    Removing stm32f2xx_hal_spi.o(i.SPI_DMAHalfTransmitCplt), (10 bytes).
    Removing stm32f2xx_hal_spi.o(i.SPI_DMAHalfTransmitReceiveCplt), (10 bytes).
    Removing stm32f2xx_hal_spi.o(i.SPI_DMAReceiveCplt), (82 bytes).
    Removing stm32f2xx_hal_spi.o(i.SPI_DMATransmitCplt), (90 bytes).
    Removing stm32f2xx_hal_spi.o(i.SPI_DMATransmitReceiveCplt), (80 bytes).
    Removing stm32f2xx_hal_spi.o(i.SPI_RxISR_16BIT), (32 bytes).
    Removing stm32f2xx_hal_spi.o(i.SPI_RxISR_8BIT), (30 bytes).
    Removing stm32f2xx_hal_spi.o(i.SPI_TxISR_16BIT), (32 bytes).
    Removing stm32f2xx_hal_spi.o(i.SPI_TxISR_8BIT), (30 bytes).
    Removing stm32f2xx_hal_spi.o(i.SPI_WaitFlagStateUntilTimeout), (150 bytes).
    Removing system_stm32f2xx.o(.rev16_text), (4 bytes).
    Removing system_stm32f2xx.o(.revsh_text), (4 bytes).
    Removing system_stm32f2xx.o(.rrx_text), (6 bytes).
    Removing system_stm32f2xx.o(i.SystemCoreClockUpdate), (124 bytes).
    Removing stm32f2xx_it.o(.rev16_text), (4 bytes).
    Removing stm32f2xx_it.o(.revsh_text), (4 bytes).
    Removing stm32f2xx_it.o(.rrx_text), (6 bytes).
    Removing gpio.o(.rev16_text), (4 bytes).
    Removing gpio.o(.revsh_text), (4 bytes).
    Removing gpio.o(.rrx_text), (6 bytes).
    Removing main.o(.rev16_text), (4 bytes).
    Removing main.o(.revsh_text), (4 bytes).
    Removing main.o(.rrx_text), (6 bytes).
    Removing main.o(i.process_thread_helloworld_process), (124 bytes).
    Removing main.o(i.process_thread_sim7600_break_process), (136 bytes).
    Removing main.o(.conststring), (11 bytes).
    Removing main.o(.conststring), (9 bytes).
    Removing main.o(.data), (16 bytes).
    Removing main.o(.data), (16 bytes).
    Removing main.o(.data), (1 bytes).
    Removing main.o(.data), (1 bytes).
    Removing usart.o(.rev16_text), (4 bytes).
    Removing usart.o(.revsh_text), (4 bytes).
    Removing usart.o(.rrx_text), (6 bytes).
    Removing usart.o(i.HAL_UART_MspDeInit), (120 bytes).
    Removing stm32f2xx_hal_msp.o(.rev16_text), (4 bytes).
    Removing stm32f2xx_hal_msp.o(.revsh_text), (4 bytes).
    Removing stm32f2xx_hal_msp.o(.rrx_text), (6 bytes).
    Removing delay.o(.rev16_text), (4 bytes).
    Removing delay.o(.revsh_text), (4 bytes).
    Removing delay.o(.rrx_text), (6 bytes).
    Removing delay.o(i.delay_ms), (26 bytes).
    Removing delay.o(i.delay_us), (52 bytes).
    Removing dma.o(.rev16_text), (4 bytes).
    Removing dma.o(.revsh_text), (4 bytes).
    Removing dma.o(.rrx_text), (6 bytes).
    Removing spi.o(.rev16_text), (4 bytes).
    Removing spi.o(.revsh_text), (4 bytes).
    Removing spi.o(.rrx_text), (6 bytes).
    Removing spi.o(i.HAL_SPI_MspDeInit), (116 bytes).
    Removing sim7600.o(.rev16_text), (4 bytes).
    Removing sim7600.o(.revsh_text), (4 bytes).
    Removing sim7600.o(.rrx_text), (6 bytes).
    Removing startup_stm32f207xx.o(HEAP), (512 bytes).
    Removing clock.o(.rev16_text), (4 bytes).
    Removing clock.o(.revsh_text), (4 bytes).
    Removing clock.o(.rrx_text), (6 bytes).
    Removing clock.o(i.clock_seconds), (12 bytes).
    Removing autostart.o(i.autostart_exit), (24 bytes).
    Removing process.o(i.process_alloc_event), (16 bytes).
    Removing process.o(i.process_exit), (12 bytes).
    Removing process.o(i.process_is_running), (10 bytes).
    Removing process.o(i.process_nevents), (16 bytes).
    Removing timer.o(i.timer_remaining), (18 bytes).
    Removing timer.o(i.timer_restart), (12 bytes).
    Removing etimer.o(i.etimer_adjust), (10 bytes).
    Removing etimer.o(i.etimer_expiration_time), (8 bytes).
    Removing etimer.o(i.etimer_expired), (12 bytes).
    Removing etimer.o(i.etimer_next_expiration_time), (20 bytes).
    Removing etimer.o(i.etimer_restart), (18 bytes).
    Removing etimer.o(i.etimer_start_time), (4 bytes).
    Removing etimer.o(i.etimer_stop), (48 bytes).
    Removing stimer.o(i.stimer_elapsed), (14 bytes).
    Removing stimer.o(i.stimer_expired), (32 bytes).
    Removing stimer.o(i.stimer_remaining), (18 bytes).
    Removing stimer.o(i.stimer_reset), (10 bytes).
    Removing stimer.o(i.stimer_restart), (12 bytes).
    Removing stimer.o(i.stimer_set), (14 bytes).
    Removing dadd.o(.text), (334 bytes).
    Removing dmul.o(.text), (228 bytes).
    Removing ddiv.o(.text), (222 bytes).
    Removing dfixul.o(.text), (48 bytes).
    Removing cdrcmple.o(.text), (48 bytes).
    Removing depilogue.o(.text), (186 bytes).

299 unused section(s) (total 16666 bytes) removed from the image.

==============================================================================

Image Symbol Table

    Local Symbols

    Symbol Name                              Value     Ov Type        Size  Object(Section)

    ../Drivers/STM32F2xx_HAL_Driver/Src/stm32f2xx_hal.c 0x00000000   Number         0  stm32f2xx_hal.o ABSOLUTE
    ../Drivers/STM32F2xx_HAL_Driver/Src/stm32f2xx_hal_cortex.c 0x00000000   Number         0  stm32f2xx_hal_cortex.o ABSOLUTE
    ../Drivers/STM32F2xx_HAL_Driver/Src/stm32f2xx_hal_dma.c 0x00000000   Number         0  stm32f2xx_hal_dma.o ABSOLUTE
    ../Drivers/STM32F2xx_HAL_Driver/Src/stm32f2xx_hal_dma_ex.c 0x00000000   Number         0  stm32f2xx_hal_dma_ex.o ABSOLUTE
    ../Drivers/STM32F2xx_HAL_Driver/Src/stm32f2xx_hal_flash.c 0x00000000   Number         0  stm32f2xx_hal_flash.o ABSOLUTE
    ../Drivers/STM32F2xx_HAL_Driver/Src/stm32f2xx_hal_flash_ex.c 0x00000000   Number         0  stm32f2xx_hal_flash_ex.o ABSOLUTE
    ../Drivers/STM32F2xx_HAL_Driver/Src/stm32f2xx_hal_gpio.c 0x00000000   Number         0  stm32f2xx_hal_gpio.o ABSOLUTE
    ../Drivers/STM32F2xx_HAL_Driver/Src/stm32f2xx_hal_pwr.c 0x00000000   Number         0  stm32f2xx_hal_pwr.o ABSOLUTE
    ../Drivers/STM32F2xx_HAL_Driver/Src/stm32f2xx_hal_pwr_ex.c 0x00000000   Number         0  stm32f2xx_hal_pwr_ex.o ABSOLUTE
    ../Drivers/STM32F2xx_HAL_Driver/Src/stm32f2xx_hal_rcc.c 0x00000000   Number         0  stm32f2xx_hal_rcc.o ABSOLUTE
    ../Drivers/STM32F2xx_HAL_Driver/Src/stm32f2xx_hal_rcc_ex.c 0x00000000   Number         0  stm32f2xx_hal_rcc_ex.o ABSOLUTE
    ../Drivers/STM32F2xx_HAL_Driver/Src/stm32f2xx_hal_spi.c 0x00000000   Number         0  stm32f2xx_hal_spi.o ABSOLUTE
    ../Drivers/STM32F2xx_HAL_Driver/Src/stm32f2xx_hal_tim.c 0x00000000   Number         0  stm32f2xx_hal_tim.o ABSOLUTE
    ../Drivers/STM32F2xx_HAL_Driver/Src/stm32f2xx_hal_tim_ex.c 0x00000000   Number         0  stm32f2xx_hal_tim_ex.o ABSOLUTE
    ../Drivers/STM32F2xx_HAL_Driver/Src/stm32f2xx_hal_uart.c 0x00000000   Number         0  stm32f2xx_hal_uart.o ABSOLUTE
    ../Src/dma.c                             0x00000000   Number         0  dma.o ABSOLUTE
    ../Src/gpio.c                            0x00000000   Number         0  gpio.o ABSOLUTE
    ../Src/main.c                            0x00000000   Number         0  main.o ABSOLUTE
    ../Src/spi.c                             0x00000000   Number         0  spi.o ABSOLUTE
    ../Src/stm32f2xx_hal_msp.c               0x00000000   Number         0  stm32f2xx_hal_msp.o ABSOLUTE
    ../Src/stm32f2xx_it.c                    0x00000000   Number         0  stm32f2xx_it.o ABSOLUTE
    ../Src/system_stm32f2xx.c                0x00000000   Number         0  system_stm32f2xx.o ABSOLUTE
    ../Src/usart.c                           0x00000000   Number         0  usart.o ABSOLUTE
    ../clib/microlib/division.c              0x00000000   Number         0  uldiv.o ABSOLUTE
    ../clib/microlib/division.c              0x00000000   Number         0  uidiv.o ABSOLUTE
    ../clib/microlib/init/entry.s            0x00000000   Number         0  entry.o ABSOLUTE
    ../clib/microlib/init/entry.s            0x00000000   Number         0  entry2.o ABSOLUTE
    ../clib/microlib/init/entry.s            0x00000000   Number         0  entry7b.o ABSOLUTE
    ../clib/microlib/init/entry.s            0x00000000   Number         0  entry11a.o ABSOLUTE
    ../clib/microlib/init/entry.s            0x00000000   Number         0  entry10a.o ABSOLUTE
    ../clib/microlib/init/entry.s            0x00000000   Number         0  entry5.o ABSOLUTE
    ../clib/microlib/init/entry.s            0x00000000   Number         0  entry8a.o ABSOLUTE
    ../clib/microlib/init/entry.s            0x00000000   Number         0  entry9a.o ABSOLUTE
    ../clib/microlib/init/entry.s            0x00000000   Number         0  entry8b.o ABSOLUTE
    ../clib/microlib/init/entry.s            0x00000000   Number         0  entry11b.o ABSOLUTE
    ../clib/microlib/init/entry.s            0x00000000   Number         0  entry9b.o ABSOLUTE
    ../clib/microlib/init/entry.s            0x00000000   Number         0  entry10b.o ABSOLUTE
    ../clib/microlib/init/entry.s            0x00000000   Number         0  entry7a.o ABSOLUTE
    ../clib/microlib/longlong.c              0x00000000   Number         0  llsshr.o ABSOLUTE
    ../clib/microlib/longlong.c              0x00000000   Number         0  llushr.o ABSOLUTE
    ../clib/microlib/longlong.c              0x00000000   Number         0  llshl.o ABSOLUTE
    ../clib/microlib/printf/printf.c         0x00000000   Number         0  printfa.o ABSOLUTE
    ../clib/microlib/printf/printf.c         0x00000000   Number         0  printf8.o ABSOLUTE
    ../clib/microlib/printf/printf.c         0x00000000   Number         0  printf7.o ABSOLUTE
    ../clib/microlib/printf/printf.c         0x00000000   Number         0  printf5.o ABSOLUTE
    ../clib/microlib/printf/printf.c         0x00000000   Number         0  printf3.o ABSOLUTE
    ../clib/microlib/printf/printf.c         0x00000000   Number         0  printf2.o ABSOLUTE
    ../clib/microlib/printf/printf.c         0x00000000   Number         0  printf1.o ABSOLUTE
    ../clib/microlib/printf/printf.c         0x00000000   Number         0  printf0.o ABSOLUTE
    ../clib/microlib/printf/printf.c         0x00000000   Number         0  printfb.o ABSOLUTE
    ../clib/microlib/printf/printf.c         0x00000000   Number         0  printf6.o ABSOLUTE
    ../clib/microlib/printf/printf.c         0x00000000   Number         0  printf4.o ABSOLUTE
    ../clib/microlib/printf/stubs.s          0x00000000   Number         0  stubs.o ABSOLUTE
    ../clib/microlib/stdio/streams.c         0x00000000   Number         0  stdout.o ABSOLUTE
    ../clib/microlib/string/memcpy.c         0x00000000   Number         0  memcpyb.o ABSOLUTE
    ../clib/microlib/string/memcpy.c         0x00000000   Number         0  memcpya.o ABSOLUTE
    ../clib/microlib/string/memset.c         0x00000000   Number         0  memseta.o ABSOLUTE
    ../clib/microlib/string/strlen.c         0x00000000   Number         0  strlen.o ABSOLUTE
    ../clib/microlib/string/strncmp.c        0x00000000   Number         0  strncmp.o ABSOLUTE
    ../clib/microlib/string/strstr.c         0x00000000   Number         0  strstr.o ABSOLUTE
    ../clib/microlib/stubs.s                 0x00000000   Number         0  iusefp.o ABSOLUTE
    ../fplib/microlib/fpadd.c                0x00000000   Number         0  dadd.o ABSOLUTE
    ../fplib/microlib/fpdiv.c                0x00000000   Number         0  ddiv.o ABSOLUTE
    ../fplib/microlib/fpepilogue.c           0x00000000   Number         0  depilogue.o ABSOLUTE
    ../fplib/microlib/fpfix.c                0x00000000   Number         0  dfixul.o ABSOLUTE
    ../fplib/microlib/fpmul.c                0x00000000   Number         0  dmul.o ABSOLUTE
    ..\Drivers\STM32F2xx_HAL_Driver\Src\stm32f2xx_hal.c 0x00000000   Number         0  stm32f2xx_hal.o ABSOLUTE
    ..\Drivers\STM32F2xx_HAL_Driver\Src\stm32f2xx_hal_cortex.c 0x00000000   Number         0  stm32f2xx_hal_cortex.o ABSOLUTE
    ..\Drivers\STM32F2xx_HAL_Driver\Src\stm32f2xx_hal_dma.c 0x00000000   Number         0  stm32f2xx_hal_dma.o ABSOLUTE
    ..\Drivers\STM32F2xx_HAL_Driver\Src\stm32f2xx_hal_dma_ex.c 0x00000000   Number         0  stm32f2xx_hal_dma_ex.o ABSOLUTE
    ..\Drivers\STM32F2xx_HAL_Driver\Src\stm32f2xx_hal_flash.c 0x00000000   Number         0  stm32f2xx_hal_flash.o ABSOLUTE
    ..\Drivers\STM32F2xx_HAL_Driver\Src\stm32f2xx_hal_flash_ex.c 0x00000000   Number         0  stm32f2xx_hal_flash_ex.o ABSOLUTE
    ..\Drivers\STM32F2xx_HAL_Driver\Src\stm32f2xx_hal_gpio.c 0x00000000   Number         0  stm32f2xx_hal_gpio.o ABSOLUTE
    ..\Drivers\STM32F2xx_HAL_Driver\Src\stm32f2xx_hal_pwr.c 0x00000000   Number         0  stm32f2xx_hal_pwr.o ABSOLUTE
    ..\Drivers\STM32F2xx_HAL_Driver\Src\stm32f2xx_hal_pwr_ex.c 0x00000000   Number         0  stm32f2xx_hal_pwr_ex.o ABSOLUTE
    ..\Drivers\STM32F2xx_HAL_Driver\Src\stm32f2xx_hal_rcc.c 0x00000000   Number         0  stm32f2xx_hal_rcc.o ABSOLUTE
    ..\Drivers\STM32F2xx_HAL_Driver\Src\stm32f2xx_hal_rcc_ex.c 0x00000000   Number         0  stm32f2xx_hal_rcc_ex.o ABSOLUTE
    ..\Drivers\STM32F2xx_HAL_Driver\Src\stm32f2xx_hal_spi.c 0x00000000   Number         0  stm32f2xx_hal_spi.o ABSOLUTE
    ..\Drivers\STM32F2xx_HAL_Driver\Src\stm32f2xx_hal_tim.c 0x00000000   Number         0  stm32f2xx_hal_tim.o ABSOLUTE
    ..\Drivers\STM32F2xx_HAL_Driver\Src\stm32f2xx_hal_tim_ex.c 0x00000000   Number         0  stm32f2xx_hal_tim_ex.o ABSOLUTE
    ..\Drivers\STM32F2xx_HAL_Driver\Src\stm32f2xx_hal_uart.c 0x00000000   Number         0  stm32f2xx_hal_uart.o ABSOLUTE
    ..\Src\delay.c                           0x00000000   Number         0  delay.o ABSOLUTE
    ..\Src\dma.c                             0x00000000   Number         0  dma.o ABSOLUTE
    ..\Src\gpio.c                            0x00000000   Number         0  gpio.o ABSOLUTE
    ..\Src\main.c                            0x00000000   Number         0  main.o ABSOLUTE
    ..\Src\sim7600.c                         0x00000000   Number         0  sim7600.o ABSOLUTE
    ..\Src\spi.c                             0x00000000   Number         0  spi.o ABSOLUTE
    ..\Src\stm32f2xx_hal_msp.c               0x00000000   Number         0  stm32f2xx_hal_msp.o ABSOLUTE
    ..\Src\stm32f2xx_it.c                    0x00000000   Number         0  stm32f2xx_it.o ABSOLUTE
    ..\Src\system_stm32f2xx.c                0x00000000   Number         0  system_stm32f2xx.o ABSOLUTE
    ..\Src\usart.c                           0x00000000   Number         0  usart.o ABSOLUTE
    ..\\Src\\delay.c                         0x00000000   Number         0  delay.o ABSOLUTE
    ..\\Src\\sim7600.c                       0x00000000   Number         0  sim7600.o ABSOLUTE
    ..\\contiki-3.0\\cpu\\arm\\stm32f103\\clock.c 0x00000000   Number         0  clock.o ABSOLUTE
    ..\contiki-3.0\core\sys\autostart.c      0x00000000   Number         0  autostart.o ABSOLUTE
    ..\contiki-3.0\core\sys\etimer.c         0x00000000   Number         0  etimer.o ABSOLUTE
    ..\contiki-3.0\core\sys\process.c        0x00000000   Number         0  process.o ABSOLUTE
    ..\contiki-3.0\core\sys\stimer.c         0x00000000   Number         0  stimer.o ABSOLUTE
    ..\contiki-3.0\core\sys\timer.c          0x00000000   Number         0  timer.o ABSOLUTE
    ..\contiki-3.0\cpu\arm\stm32f103\clock.c 0x00000000   Number         0  clock.o ABSOLUTE
    cdrcmple.s                               0x00000000   Number         0  cdrcmple.o ABSOLUTE
    dc.s                                     0x00000000   Number         0  dc.o ABSOLUTE
    handlers.s                               0x00000000   Number         0  handlers.o ABSOLUTE
    init.s                                   0x00000000   Number         0  init.o ABSOLUTE
    startup_stm32f207xx.s                    0x00000000   Number         0  startup_stm32f207xx.o ABSOLUTE
    RESET                                    0x08000000   Section      388  startup_stm32f207xx.o(RESET)
    .ARM.Collect$$$$00000000                 0x08000184   Section        0  entry.o(.ARM.Collect$$$$00000000)
    .ARM.Collect$$$$00000001                 0x08000184   Section        4  entry2.o(.ARM.Collect$$$$00000001)
    .ARM.Collect$$$$00000004                 0x08000188   Section        4  entry5.o(.ARM.Collect$$$$00000004)
    .ARM.Collect$$$$00000008                 0x0800018c   Section        0  entry7b.o(.ARM.Collect$$$$00000008)
    .ARM.Collect$$$$0000000A                 0x0800018c   Section        0  entry8b.o(.ARM.Collect$$$$0000000A)
    .ARM.Collect$$$$0000000B                 0x0800018c   Section        8  entry9a.o(.ARM.Collect$$$$0000000B)
    .ARM.Collect$$$$0000000D                 0x08000194   Section        0  entry10a.o(.ARM.Collect$$$$0000000D)
    .ARM.Collect$$$$0000000F                 0x08000194   Section        0  entry11a.o(.ARM.Collect$$$$0000000F)
    .ARM.Collect$$$$00002712                 0x08000194   Section        4  entry2.o(.ARM.Collect$$$$00002712)
    __lit__00000000                          0x08000194   Data           4  entry2.o(.ARM.Collect$$$$00002712)
    .text                                    0x08000198   Section       36  startup_stm32f207xx.o(.text)
    .text                                    0x080001bc   Section        0  uldiv.o(.text)
    .text                                    0x0800021e   Section        0  memcpya.o(.text)
    .text                                    0x08000242   Section        0  memseta.o(.text)
    .text                                    0x08000266   Section        0  strstr.o(.text)
    .text                                    0x0800028a   Section        0  strlen.o(.text)
    .text                                    0x08000298   Section        0  strncmp.o(.text)
    .text                                    0x080002b6   Section        0  uidiv.o(.text)
    .text                                    0x080002e2   Section        0  llshl.o(.text)
    .text                                    0x08000300   Section        0  llushr.o(.text)
    .text                                    0x08000320   Section       36  init.o(.text)
    i.BusFault_Handler                       0x08000344   Section        0  stm32f2xx_it.o(i.BusFault_Handler)
    i.DMA1_Stream5_IRQHandler                0x08000348   Section        0  stm32f2xx_it.o(i.DMA1_Stream5_IRQHandler)
    i.DMA1_Stream6_IRQHandler                0x08000354   Section        0  stm32f2xx_it.o(i.DMA1_Stream6_IRQHandler)
    i.DMA2_Stream2_IRQHandler                0x08000360   Section        0  stm32f2xx_it.o(i.DMA2_Stream2_IRQHandler)
    i.DMA2_Stream7_IRQHandler                0x0800036c   Section        0  stm32f2xx_it.o(i.DMA2_Stream7_IRQHandler)
    i.DMA_CalcBaseAndBitshift                0x08000378   Section        0  stm32f2xx_hal_dma.o(i.DMA_CalcBaseAndBitshift)
    DMA_CalcBaseAndBitshift                  0x08000379   Thumb Code    34  stm32f2xx_hal_dma.o(i.DMA_CalcBaseAndBitshift)
    i.DMA_CheckFifoParam                     0x080003a0   Section        0  stm32f2xx_hal_dma.o(i.DMA_CheckFifoParam)
    DMA_CheckFifoParam                       0x080003a1   Thumb Code    84  stm32f2xx_hal_dma.o(i.DMA_CheckFifoParam)
    i.DMA_SetConfig                          0x080003f4   Section        0  stm32f2xx_hal_dma.o(i.DMA_SetConfig)
    DMA_SetConfig                            0x080003f5   Thumb Code    40  stm32f2xx_hal_dma.o(i.DMA_SetConfig)
    i.DebugMon_Handler                       0x0800041c   Section        0  stm32f2xx_it.o(i.DebugMon_Handler)
    i.HAL_DMA_Abort                          0x0800041e   Section        0  stm32f2xx_hal_dma.o(i.HAL_DMA_Abort)
    i.HAL_DMA_Abort_IT                       0x080004ac   Section        0  stm32f2xx_hal_dma.o(i.HAL_DMA_Abort_IT)
    i.HAL_DMA_IRQHandler                     0x080004d0   Section        0  stm32f2xx_hal_dma.o(i.HAL_DMA_IRQHandler)
    i.HAL_DMA_Init                           0x08000670   Section        0  stm32f2xx_hal_dma.o(i.HAL_DMA_Init)
    i.HAL_DMA_Start_IT                       0x08000744   Section        0  stm32f2xx_hal_dma.o(i.HAL_DMA_Start_IT)
    i.HAL_Delay                              0x080007bc   Section        0  stm32f2xx_hal.o(i.HAL_Delay)
    i.HAL_GPIO_Init                          0x080007d8   Section        0  stm32f2xx_hal_gpio.o(i.HAL_GPIO_Init)
    i.HAL_GetTick                            0x08000998   Section        0  stm32f2xx_hal.o(i.HAL_GetTick)
    i.HAL_IncTick                            0x080009a4   Section        0  stm32f2xx_hal.o(i.HAL_IncTick)
    i.HAL_Init                               0x080009b4   Section        0  stm32f2xx_hal.o(i.HAL_Init)
    i.HAL_InitTick                           0x080009e8   Section        0  stm32f2xx_hal.o(i.HAL_InitTick)
    i.HAL_MspInit                            0x08000a10   Section        0  stm32f2xx_hal_msp.o(i.HAL_MspInit)
    i.HAL_NVIC_EnableIRQ                     0x08000a68   Section        0  stm32f2xx_hal_cortex.o(i.HAL_NVIC_EnableIRQ)
    i.HAL_NVIC_SetPriority                   0x08000a80   Section        0  stm32f2xx_hal_cortex.o(i.HAL_NVIC_SetPriority)
    i.HAL_NVIC_SetPriorityGrouping           0x08000ac0   Section        0  stm32f2xx_hal_cortex.o(i.HAL_NVIC_SetPriorityGrouping)
    i.HAL_RCC_ClockConfig                    0x08000ae4   Section        0  stm32f2xx_hal_rcc.o(i.HAL_RCC_ClockConfig)
    i.HAL_RCC_GetHCLKFreq                    0x08000c1c   Section        0  stm32f2xx_hal_rcc.o(i.HAL_RCC_GetHCLKFreq)
    i.HAL_RCC_GetPCLK1Freq                   0x08000c28   Section        0  stm32f2xx_hal_rcc.o(i.HAL_RCC_GetPCLK1Freq)
    i.HAL_RCC_GetPCLK2Freq                   0x08000c58   Section        0  stm32f2xx_hal_rcc.o(i.HAL_RCC_GetPCLK2Freq)
    i.HAL_RCC_GetSysClockFreq                0x08000c88   Section        0  stm32f2xx_hal_rcc.o(i.HAL_RCC_GetSysClockFreq)
    i.HAL_RCC_OscConfig                      0x08000cec   Section        0  stm32f2xx_hal_rcc.o(i.HAL_RCC_OscConfig)
    i.HAL_SPI_Init                           0x08000fd0   Section        0  stm32f2xx_hal_spi.o(i.HAL_SPI_Init)
    i.HAL_SPI_MspInit                        0x08001050   Section        0  spi.o(i.HAL_SPI_MspInit)
    i.HAL_SYSTICK_CLKSourceConfig            0x08001114   Section        0  stm32f2xx_hal_cortex.o(i.HAL_SYSTICK_CLKSourceConfig)
    i.HAL_SYSTICK_Config                     0x0800112c   Section        0  stm32f2xx_hal_cortex.o(i.HAL_SYSTICK_Config)
    i.HAL_UART_DMAStop                       0x08001154   Section        0  stm32f2xx_hal_uart.o(i.HAL_UART_DMAStop)
    i.HAL_UART_ErrorCallback                 0x080011ac   Section        0  stm32f2xx_hal_uart.o(i.HAL_UART_ErrorCallback)
    i.HAL_UART_IRQHandler                    0x080011b0   Section        0  stm32f2xx_hal_uart.o(i.HAL_UART_IRQHandler)
    i.HAL_UART_Init                          0x080012c0   Section        0  stm32f2xx_hal_uart.o(i.HAL_UART_Init)
    i.HAL_UART_MspInit                       0x08001324   Section        0  usart.o(i.HAL_UART_MspInit)
    i.HAL_UART_Receive_DMA                   0x0800149c   Section        0  stm32f2xx_hal_uart.o(i.HAL_UART_Receive_DMA)
    i.HAL_UART_RxCpltCallback                0x08001534   Section        0  stm32f2xx_hal_uart.o(i.HAL_UART_RxCpltCallback)
    i.HAL_UART_RxHalfCpltCallback            0x08001536   Section        0  stm32f2xx_hal_uart.o(i.HAL_UART_RxHalfCpltCallback)
    i.HAL_UART_Transmit                      0x08001538   Section        0  stm32f2xx_hal_uart.o(i.HAL_UART_Transmit)
    i.HAL_UART_Transmit_DMA                  0x080015f4   Section        0  stm32f2xx_hal_uart.o(i.HAL_UART_Transmit_DMA)
    i.HAL_UART_TxCpltCallback                0x08001674   Section        0  usart.o(i.HAL_UART_TxCpltCallback)
    i.HAL_UART_TxHalfCpltCallback            0x080016b4   Section        0  stm32f2xx_hal_uart.o(i.HAL_UART_TxHalfCpltCallback)
    i.HardFault_Handler                      0x080016b6   Section        0  stm32f2xx_it.o(i.HardFault_Handler)
    i.InitSimcom                             0x080016b8   Section        0  sim7600.o(i.InitSimcom)
    i.MX_DMA_Init                            0x080017d8   Section        0  dma.o(i.MX_DMA_Init)
    i.MX_GPIO_Init                           0x08001804   Section        0  gpio.o(i.MX_GPIO_Init)
    i.MX_NVIC_Init                           0x08001860   Section        0  main.o(i.MX_NVIC_Init)
    MX_NVIC_Init                             0x08001861   Thumb Code   102  main.o(i.MX_NVIC_Init)
    i.MX_SPI1_Init                           0x080018c8   Section        0  spi.o(i.MX_SPI1_Init)
    i.MX_SPI2_Init                           0x08001920   Section        0  spi.o(i.MX_SPI2_Init)
    i.MX_SPI3_Init                           0x08001978   Section        0  spi.o(i.MX_SPI3_Init)
    i.MX_USART1_UART_Init                    0x080019d0   Section        0  usart.o(i.MX_USART1_UART_Init)
    i.MX_USART2_UART_Init                    0x08001a1c   Section        0  usart.o(i.MX_USART2_UART_Init)
    i.MemManage_Handler                      0x08001a68   Section        0  stm32f2xx_it.o(i.MemManage_Handler)
    i.NMI_Handler                            0x08001a6a   Section        0  stm32f2xx_it.o(i.NMI_Handler)
    i.NVIC_SetPriority                       0x08001a6c   Section        0  stm32f2xx_hal_cortex.o(i.NVIC_SetPriority)
    NVIC_SetPriority                         0x08001a6d   Thumb Code    32  stm32f2xx_hal_cortex.o(i.NVIC_SetPriority)
    i.PendSV_Handler                         0x08001a8c   Section        0  stm32f2xx_it.o(i.PendSV_Handler)
    i.SIMCOM_RECIVE                          0x08001a90   Section        0  usart.o(i.SIMCOM_RECIVE)
    i.SVC_Handler                            0x08001aac   Section        0  stm32f2xx_it.o(i.SVC_Handler)
    i.SimcomConnectServer                    0x08001ab0   Section        0  sim7600.o(i.SimcomConnectServer)
    i.SimcomExecuteCmd                       0x08001b14   Section        0  sim7600.o(i.SimcomExecuteCmd)
    i.SimcomOpenNet                          0x08001b90   Section        0  sim7600.o(i.SimcomOpenNet)
    i.SimcomSendData                         0x08001be8   Section        0  sim7600.o(i.SimcomSendData)
    i.SimcomSetServer                        0x08001c78   Section        0  sim7600.o(i.SimcomSetServer)
    i.SysTick_Handler                        0x08001cfc   Section        0  clock.o(i.SysTick_Handler)
    i.SystemClock_Config                     0x08001d38   Section        0  main.o(i.SystemClock_Config)
    i.SystemInit                             0x08001dac   Section        0  system_stm32f2xx.o(i.SystemInit)
    i.UART2_RxDmaCallback                    0x08001df4   Section        0  sim7600.o(i.UART2_RxDmaCallback)
    i.UART_DMAAbortOnError                   0x080021bc   Section        0  stm32f2xx_hal_uart.o(i.UART_DMAAbortOnError)
    UART_DMAAbortOnError                     0x080021bd   Thumb Code    16  stm32f2xx_hal_uart.o(i.UART_DMAAbortOnError)
    i.UART_DMAError                          0x080021cc   Section        0  stm32f2xx_hal_uart.o(i.UART_DMAError)
    UART_DMAError                            0x080021cd   Thumb Code    74  stm32f2xx_hal_uart.o(i.UART_DMAError)
    i.UART_DMAReceiveCplt                    0x08002216   Section        0  stm32f2xx_hal_uart.o(i.UART_DMAReceiveCplt)
    UART_DMAReceiveCplt                      0x08002217   Thumb Code    60  stm32f2xx_hal_uart.o(i.UART_DMAReceiveCplt)
    i.UART_DMARxHalfCplt                     0x08002252   Section        0  stm32f2xx_hal_uart.o(i.UART_DMARxHalfCplt)
    UART_DMARxHalfCplt                       0x08002253   Thumb Code    10  stm32f2xx_hal_uart.o(i.UART_DMARxHalfCplt)
    i.UART_DMATransmitCplt                   0x0800225c   Section        0  stm32f2xx_hal_uart.o(i.UART_DMATransmitCplt)
    UART_DMATransmitCplt                     0x0800225d   Thumb Code    46  stm32f2xx_hal_uart.o(i.UART_DMATransmitCplt)
    i.UART_DMATxHalfCplt                     0x0800228a   Section        0  stm32f2xx_hal_uart.o(i.UART_DMATxHalfCplt)
    UART_DMATxHalfCplt                       0x0800228b   Thumb Code    10  stm32f2xx_hal_uart.o(i.UART_DMATxHalfCplt)
    i.UART_EndRxTransfer                     0x08002294   Section        0  stm32f2xx_hal_uart.o(i.UART_EndRxTransfer)
    UART_EndRxTransfer                       0x08002295   Thumb Code    28  stm32f2xx_hal_uart.o(i.UART_EndRxTransfer)
    i.UART_EndTxTransfer                     0x080022b0   Section        0  stm32f2xx_hal_uart.o(i.UART_EndTxTransfer)
    UART_EndTxTransfer                       0x080022b1   Thumb Code    18  stm32f2xx_hal_uart.o(i.UART_EndTxTransfer)
    i.UART_Receive_IT                        0x080022c2   Section        0  stm32f2xx_hal_uart.o(i.UART_Receive_IT)
    UART_Receive_IT                          0x080022c3   Thumb Code   140  stm32f2xx_hal_uart.o(i.UART_Receive_IT)
    i.UART_SetConfig                         0x08002350   Section        0  stm32f2xx_hal_uart.o(i.UART_SetConfig)
    UART_SetConfig                           0x08002351   Thumb Code   676  stm32f2xx_hal_uart.o(i.UART_SetConfig)
    i.UART_Transmit_IT                       0x080025fc   Section        0  stm32f2xx_hal_uart.o(i.UART_Transmit_IT)
    UART_Transmit_IT                         0x080025fd   Thumb Code    98  stm32f2xx_hal_uart.o(i.UART_Transmit_IT)
    i.UART_WaitOnFlagUntilTimeout            0x0800265e   Section        0  stm32f2xx_hal_uart.o(i.UART_WaitOnFlagUntilTimeout)
    UART_WaitOnFlagUntilTimeout              0x0800265f   Thumb Code   100  stm32f2xx_hal_uart.o(i.UART_WaitOnFlagUntilTimeout)
    i.USART1_IRQHandler                      0x080026c4   Section        0  stm32f2xx_it.o(i.USART1_IRQHandler)
    i.USART2_IRQHandler                      0x080026d0   Section        0  stm32f2xx_it.o(i.USART2_IRQHandler)
    i.UsageFault_Handler                     0x080026e4   Section        0  stm32f2xx_it.o(i.UsageFault_Handler)
    i.Usart1SendData_DMA                     0x080026e8   Section        0  usart.o(i.Usart1SendData_DMA)
    i.Usart2SendData_DMA                     0x08002724   Section        0  usart.o(i.Usart2SendData_DMA)
    i._Error_Handler                         0x0800275c   Section        0  main.o(i._Error_Handler)
    i.__0printf$6                            0x08002760   Section        0  printf6.o(i.__0printf$6)
    i.__0sprintf$6                           0x08002780   Section        0  printf6.o(i.__0sprintf$6)
    i.__scatterload_copy                     0x080027a8   Section       14  handlers.o(i.__scatterload_copy)
    i.__scatterload_null                     0x080027b6   Section        2  handlers.o(i.__scatterload_null)
    i.__scatterload_zeroinit                 0x080027b8   Section       14  handlers.o(i.__scatterload_zeroinit)
    i._printf_core                           0x080027c8   Section        0  printf6.o(i._printf_core)
    _printf_core                             0x080027c9   Thumb Code   748  printf6.o(i._printf_core)
    i._printf_post_padding                   0x08002ab8   Section        0  printf6.o(i._printf_post_padding)
    _printf_post_padding                     0x08002ab9   Thumb Code    36  printf6.o(i._printf_post_padding)
    i._printf_pre_padding                    0x08002adc   Section        0  printf6.o(i._printf_pre_padding)
    _printf_pre_padding                      0x08002add   Thumb Code    46  printf6.o(i._printf_pre_padding)
    i._sputc                                 0x08002b0a   Section        0  printf6.o(i._sputc)
    _sputc                                   0x08002b0b   Thumb Code    10  printf6.o(i._sputc)
    i.add_timer                              0x08002b14   Section        0  etimer.o(i.add_timer)
    add_timer                                0x08002b15   Thumb Code    58  etimer.o(i.add_timer)
    i.autostart_start                        0x08002b58   Section        0  autostart.o(i.autostart_start)
    i.call_process                           0x08002b74   Section        0  process.o(i.call_process)
    call_process                             0x08002b75   Thumb Code    62  process.o(i.call_process)
    i.clock_init                             0x08002bb8   Section        0  clock.o(i.clock_init)
    i.clock_time                             0x08002bf0   Section        0  clock.o(i.clock_time)
    i.delay_init                             0x08002bfc   Section        0  delay.o(i.delay_init)
    i.do_event                               0x08002c10   Section        0  process.o(i.do_event)
    do_event                                 0x08002c11   Thumb Code   102  process.o(i.do_event)
    i.do_poll                                0x08002c80   Section        0  process.o(i.do_poll)
    do_poll                                  0x08002c81   Thumb Code    40  process.o(i.do_poll)
    i.etimer_pending                         0x08002cac   Section        0  etimer.o(i.etimer_pending)
    i.etimer_request_poll                    0x08002cbc   Section        0  etimer.o(i.etimer_request_poll)
    i.etimer_reset                           0x08002cc8   Section        0  etimer.o(i.etimer_reset)
    i.etimer_set                             0x08002cda   Section        0  etimer.o(i.etimer_set)
    i.exit_process                           0x08002cec   Section        0  process.o(i.exit_process)
    exit_process                             0x08002ced   Thumb Code   120  process.o(i.exit_process)
    i.fputc                                  0x08002d68   Section        0  main.o(i.fputc)
    i.main                                   0x08002d80   Section        0  main.o(i.main)
    i.process_init                           0x08002eb0   Section        0  process.o(i.process_init)
    i.process_poll                           0x08002ec8   Section        0  process.o(i.process_poll)
    i.process_post                           0x08002ee4   Section        0  process.o(i.process_post)
    i.process_post_synch                     0x08002f20   Section        0  process.o(i.process_post_synch)
    i.process_run                            0x08002f34   Section        0  process.o(i.process_run)
    i.process_start                          0x08002f50   Section        0  process.o(i.process_start)
    i.process_thread_etimer_process          0x08002f88   Section        0  etimer.o(i.process_thread_etimer_process)
    process_thread_etimer_process            0x08002f89   Thumb Code   156  etimer.o(i.process_thread_etimer_process)
    i.process_thread_sim7600_send_process    0x08003028   Section        0  main.o(i.process_thread_sim7600_send_process)
    process_thread_sim7600_send_process      0x08003029   Thumb Code    82  main.o(i.process_thread_sim7600_send_process)
    i.timer_expired                          0x080030bc   Section        0  timer.o(i.timer_expired)
    i.timer_reset                            0x080030d8   Section        0  timer.o(i.timer_reset)
    i.timer_set                              0x080030e2   Section        0  timer.o(i.timer_set)
    i.update_time                            0x080030f0   Section        0  etimer.o(i.update_time)
    update_time                              0x080030f1   Thumb Code    50  etimer.o(i.update_time)
    .constdata                               0x08003128   Section        8  stm32f2xx_hal_dma.o(.constdata)
    flagBitshiftOffset                       0x08003128   Data           8  stm32f2xx_hal_dma.o(.constdata)
    .constdata                               0x08003130   Section       16  system_stm32f2xx.o(.constdata)
    .constdata                               0x08003140   Section        8  system_stm32f2xx.o(.constdata)
    .constdata                               0x08003148   Section        8  main.o(.constdata)
    .conststring                             0x08003150   Section        9  main.o(.conststring)
    .conststring                             0x0800315c   Section      113  sim7600.o(.conststring)
    .conststring                             0x080031d0   Section       12  etimer.o(.conststring)
    .data                                    0x20000000   Section        4  stm32f2xx_hal.o(.data)
    .data                                    0x20000004   Section        4  system_stm32f2xx.o(.data)
    .data                                    0x20000008   Section        4  main.o(.data)
    .data                                    0x2000000c   Section       16  main.o(.data)
    .data                                    0x2000001c   Section        4  delay.o(.data)
    fac_us                                   0x2000001c   Data           4  delay.o(.data)
    .data                                    0x20000020   Section      148  sim7600.o(.data)
    .data                                    0x200000b4   Section       16  clock.o(.data)
    current_clock                            0x200000b4   Data           4  clock.o(.data)
    current_seconds                          0x200000b8   Data           4  clock.o(.data)
    second_countdown                         0x200000bc   Data           4  clock.o(.data)
    .data                                    0x200000c4   Section       28  process.o(.data)
    ev                                       0x200000c4   Data           1  process.o(.data)
    snum                                     0x200000c5   Data           1  process.o(.data)
    lastevent                                0x200000c6   Data           1  process.o(.data)
    nevents                                  0x200000c7   Data           1  process.o(.data)
    fevent                                   0x200000c8   Data           1  process.o(.data)
    poll_requested                           0x200000c9   Data           1  process.o(.data)
    data                                     0x200000d4   Data           4  process.o(.data)
    receiver                                 0x200000d8   Data           4  process.o(.data)
    p                                        0x200000dc   Data           4  process.o(.data)
    .data                                    0x200000e0   Section       24  etimer.o(.data)
    timerlist                                0x200000e0   Data           4  etimer.o(.data)
    next_expiration                          0x200000e4   Data           4  etimer.o(.data)
    .data                                    0x200000f8   Section        4  stdout.o(.data)
    .bss                                     0x200000fc   Section       48  main.o(.bss)
    et                                       0x200000fc   Data          16  main.o(.bss)
    timer                                    0x2000010c   Data          16  main.o(.bss)
    timer                                    0x2000011c   Data          16  main.o(.bss)
    .bss                                     0x2000012c   Section      780  usart.o(.bss)
    .bss                                     0x20000438   Section      264  spi.o(.bss)
    .bss                                     0x20000540   Section       64  sim7600.o(.bss)
    .bss                                     0x20000580   Section      384  process.o(.bss)
    events                                   0x20000580   Data         384  process.o(.bss)
    STACK                                    0x20000700   Section     1024  startup_stm32f207xx.o(STACK)

    Global Symbols

    Symbol Name                              Value     Ov Type        Size  Object(Section)

    BuildAttributes$$THM_ISAv4$P$D$K$B$S$PE$A:L22UL41UL21$X:L11$S22US41US21$IEEE1$IW$USESV6$~STKCKD$USESV7$~SHL$OSPACE$ROPI$EBA8$MICROLIB$REQ8$PRES8$EABIv2 0x00000000   Number         0  anon$$obj.o ABSOLUTE
    __ARM_use_no_argv                        0x00000000   Number         0  main.o ABSOLUTE
    _printf_a                                0x00000000   Number         0  stubs.o ABSOLUTE
    _printf_c                                0x00000000   Number         0  stubs.o ABSOLUTE
    _printf_charcount                        0x00000000   Number         0  stubs.o ABSOLUTE
    _printf_d                                0x00000000   Number         0  stubs.o ABSOLUTE
    _printf_e                                0x00000000   Number         0  stubs.o ABSOLUTE
    _printf_f                                0x00000000   Number         0  stubs.o ABSOLUTE
    _printf_flags                            0x00000000   Number         0  stubs.o ABSOLUTE
    _printf_fp_dec                           0x00000000   Number         0  stubs.o ABSOLUTE
    _printf_fp_hex                           0x00000000   Number         0  stubs.o ABSOLUTE
    _printf_g                                0x00000000   Number         0  stubs.o ABSOLUTE
    _printf_i                                0x00000000   Number         0  stubs.o ABSOLUTE
    _printf_int_dec                          0x00000000   Number         0  stubs.o ABSOLUTE
    _printf_l                                0x00000000   Number         0  stubs.o ABSOLUTE
    _printf_lc                               0x00000000   Number         0  stubs.o ABSOLUTE
    _printf_ll                               0x00000000   Number         0  stubs.o ABSOLUTE
    _printf_lld                              0x00000000   Number         0  stubs.o ABSOLUTE
    _printf_lli                              0x00000000   Number         0  stubs.o ABSOLUTE
    _printf_llo                              0x00000000   Number         0  stubs.o ABSOLUTE
    _printf_llu                              0x00000000   Number         0  stubs.o ABSOLUTE
    _printf_llx                              0x00000000   Number         0  stubs.o ABSOLUTE
    _printf_longlong_dec                     0x00000000   Number         0  stubs.o ABSOLUTE
    _printf_longlong_hex                     0x00000000   Number         0  stubs.o ABSOLUTE
    _printf_longlong_oct                     0x00000000   Number         0  stubs.o ABSOLUTE
    _printf_ls                               0x00000000   Number         0  stubs.o ABSOLUTE
    _printf_mbtowc                           0x00000000   Number         0  stubs.o ABSOLUTE
    _printf_n                                0x00000000   Number         0  stubs.o ABSOLUTE
    _printf_o                                0x00000000   Number         0  stubs.o ABSOLUTE
    _printf_p                                0x00000000   Number         0  stubs.o ABSOLUTE
    _printf_percent                          0x00000000   Number         0  stubs.o ABSOLUTE
    _printf_pre_padding                      0x00000000   Number         0  stubs.o ABSOLUTE
    _printf_return_value                     0x00000000   Number         0  stubs.o ABSOLUTE
    _printf_s                                0x00000000   Number         0  stubs.o ABSOLUTE
    _printf_sizespec                         0x00000000   Number         0  stubs.o ABSOLUTE
    _printf_str                              0x00000000   Number         0  stubs.o ABSOLUTE
    _printf_truncate_signed                  0x00000000   Number         0  stubs.o ABSOLUTE
    _printf_truncate_unsigned                0x00000000   Number         0  stubs.o ABSOLUTE
    _printf_u                                0x00000000   Number         0  stubs.o ABSOLUTE
    _printf_wc                               0x00000000   Number         0  stubs.o ABSOLUTE
    _printf_wctomb                           0x00000000   Number         0  stubs.o ABSOLUTE
    _printf_widthprec                        0x00000000   Number         0  stubs.o ABSOLUTE
    _printf_x                                0x00000000   Number         0  stubs.o ABSOLUTE
    __cpp_initialize__aeabi_                  - Undefined Weak Reference
    __cxa_finalize                            - Undefined Weak Reference
    __decompress                              - Undefined Weak Reference
    _clock_init                               - Undefined Weak Reference
    _microlib_exit                            - Undefined Weak Reference
    __Vectors_Size                           0x00000184   Number         0  startup_stm32f207xx.o ABSOLUTE
    __Vectors                                0x08000000   Data           4  startup_stm32f207xx.o(RESET)
    __Vectors_End                            0x08000184   Data           0  startup_stm32f207xx.o(RESET)
    __main                                   0x08000185   Thumb Code     0  entry.o(.ARM.Collect$$$$00000000)
    _main_stk                                0x08000185   Thumb Code     0  entry2.o(.ARM.Collect$$$$00000001)
    _main_scatterload                        0x08000189   Thumb Code     0  entry5.o(.ARM.Collect$$$$00000004)
    __main_after_scatterload                 0x0800018d   Thumb Code     0  entry5.o(.ARM.Collect$$$$00000004)
    _main_clock                              0x0800018d   Thumb Code     0  entry7b.o(.ARM.Collect$$$$00000008)
    _main_cpp_init                           0x0800018d   Thumb Code     0  entry8b.o(.ARM.Collect$$$$0000000A)
    _main_init                               0x0800018d   Thumb Code     0  entry9a.o(.ARM.Collect$$$$0000000B)
    __rt_final_cpp                           0x08000195   Thumb Code     0  entry10a.o(.ARM.Collect$$$$0000000D)
    __rt_final_exit                          0x08000195   Thumb Code     0  entry11a.o(.ARM.Collect$$$$0000000F)
    Reset_Handler                            0x08000199   Thumb Code     8  startup_stm32f207xx.o(.text)
    ADC_IRQHandler                           0x080001b3   Thumb Code     0  startup_stm32f207xx.o(.text)
    CAN1_RX0_IRQHandler                      0x080001b3   Thumb Code     0  startup_stm32f207xx.o(.text)
    CAN1_RX1_IRQHandler                      0x080001b3   Thumb Code     0  startup_stm32f207xx.o(.text)
    CAN1_SCE_IRQHandler                      0x080001b3   Thumb Code     0  startup_stm32f207xx.o(.text)
    CAN1_TX_IRQHandler                       0x080001b3   Thumb Code     0  startup_stm32f207xx.o(.text)
    CAN2_RX0_IRQHandler                      0x080001b3   Thumb Code     0  startup_stm32f207xx.o(.text)
    CAN2_RX1_IRQHandler                      0x080001b3   Thumb Code     0  startup_stm32f207xx.o(.text)
    CAN2_SCE_IRQHandler                      0x080001b3   Thumb Code     0  startup_stm32f207xx.o(.text)
    CAN2_TX_IRQHandler                       0x080001b3   Thumb Code     0  startup_stm32f207xx.o(.text)
    DCMI_IRQHandler                          0x080001b3   Thumb Code     0  startup_stm32f207xx.o(.text)
    DMA1_Stream0_IRQHandler                  0x080001b3   Thumb Code     0  startup_stm32f207xx.o(.text)
    DMA1_Stream1_IRQHandler                  0x080001b3   Thumb Code     0  startup_stm32f207xx.o(.text)
    DMA1_Stream2_IRQHandler                  0x080001b3   Thumb Code     0  startup_stm32f207xx.o(.text)
    DMA1_Stream3_IRQHandler                  0x080001b3   Thumb Code     0  startup_stm32f207xx.o(.text)
    DMA1_Stream4_IRQHandler                  0x080001b3   Thumb Code     0  startup_stm32f207xx.o(.text)
    DMA1_Stream7_IRQHandler                  0x080001b3   Thumb Code     0  startup_stm32f207xx.o(.text)
    DMA2_Stream0_IRQHandler                  0x080001b3   Thumb Code     0  startup_stm32f207xx.o(.text)
    DMA2_Stream1_IRQHandler                  0x080001b3   Thumb Code     0  startup_stm32f207xx.o(.text)
    DMA2_Stream3_IRQHandler                  0x080001b3   Thumb Code     0  startup_stm32f207xx.o(.text)
    DMA2_Stream4_IRQHandler                  0x080001b3   Thumb Code     0  startup_stm32f207xx.o(.text)
    DMA2_Stream5_IRQHandler                  0x080001b3   Thumb Code     0  startup_stm32f207xx.o(.text)
    DMA2_Stream6_IRQHandler                  0x080001b3   Thumb Code     0  startup_stm32f207xx.o(.text)
    ETH_IRQHandler                           0x080001b3   Thumb Code     0  startup_stm32f207xx.o(.text)
    ETH_WKUP_IRQHandler                      0x080001b3   Thumb Code     0  startup_stm32f207xx.o(.text)
    EXTI0_IRQHandler                         0x080001b3   Thumb Code     0  startup_stm32f207xx.o(.text)
    EXTI15_10_IRQHandler                     0x080001b3   Thumb Code     0  startup_stm32f207xx.o(.text)
    EXTI1_IRQHandler                         0x080001b3   Thumb Code     0  startup_stm32f207xx.o(.text)
    EXTI2_IRQHandler                         0x080001b3   Thumb Code     0  startup_stm32f207xx.o(.text)
    EXTI3_IRQHandler                         0x080001b3   Thumb Code     0  startup_stm32f207xx.o(.text)
    EXTI4_IRQHandler                         0x080001b3   Thumb Code     0  startup_stm32f207xx.o(.text)
    EXTI9_5_IRQHandler                       0x080001b3   Thumb Code     0  startup_stm32f207xx.o(.text)
    FLASH_IRQHandler                         0x080001b3   Thumb Code     0  startup_stm32f207xx.o(.text)
    FSMC_IRQHandler                          0x080001b3   Thumb Code     0  startup_stm32f207xx.o(.text)
    HASH_RNG_IRQHandler                      0x080001b3   Thumb Code     0  startup_stm32f207xx.o(.text)
    I2C1_ER_IRQHandler                       0x080001b3   Thumb Code     0  startup_stm32f207xx.o(.text)
    I2C1_EV_IRQHandler                       0x080001b3   Thumb Code     0  startup_stm32f207xx.o(.text)
    I2C2_ER_IRQHandler                       0x080001b3   Thumb Code     0  startup_stm32f207xx.o(.text)
    I2C2_EV_IRQHandler                       0x080001b3   Thumb Code     0  startup_stm32f207xx.o(.text)
    I2C3_ER_IRQHandler                       0x080001b3   Thumb Code     0  startup_stm32f207xx.o(.text)
    I2C3_EV_IRQHandler                       0x080001b3   Thumb Code     0  startup_stm32f207xx.o(.text)
    OTG_FS_IRQHandler                        0x080001b3   Thumb Code     0  startup_stm32f207xx.o(.text)
    OTG_FS_WKUP_IRQHandler                   0x080001b3   Thumb Code     0  startup_stm32f207xx.o(.text)
    OTG_HS_EP1_IN_IRQHandler                 0x080001b3   Thumb Code     0  startup_stm32f207xx.o(.text)
    OTG_HS_EP1_OUT_IRQHandler                0x080001b3   Thumb Code     0  startup_stm32f207xx.o(.text)
    OTG_HS_IRQHandler                        0x080001b3   Thumb Code     0  startup_stm32f207xx.o(.text)
    OTG_HS_WKUP_IRQHandler                   0x080001b3   Thumb Code     0  startup_stm32f207xx.o(.text)
    PVD_IRQHandler                           0x080001b3   Thumb Code     0  startup_stm32f207xx.o(.text)
    RCC_IRQHandler                           0x080001b3   Thumb Code     0  startup_stm32f207xx.o(.text)
    RTC_Alarm_IRQHandler                     0x080001b3   Thumb Code     0  startup_stm32f207xx.o(.text)
    RTC_WKUP_IRQHandler                      0x080001b3   Thumb Code     0  startup_stm32f207xx.o(.text)
    SDIO_IRQHandler                          0x080001b3   Thumb Code     0  startup_stm32f207xx.o(.text)
    SPI1_IRQHandler                          0x080001b3   Thumb Code     0  startup_stm32f207xx.o(.text)
    SPI2_IRQHandler                          0x080001b3   Thumb Code     0  startup_stm32f207xx.o(.text)
    SPI3_IRQHandler                          0x080001b3   Thumb Code     0  startup_stm32f207xx.o(.text)
    TAMP_STAMP_IRQHandler                    0x080001b3   Thumb Code     0  startup_stm32f207xx.o(.text)
    TIM1_BRK_TIM9_IRQHandler                 0x080001b3   Thumb Code     0  startup_stm32f207xx.o(.text)
    TIM1_CC_IRQHandler                       0x080001b3   Thumb Code     0  startup_stm32f207xx.o(.text)
    TIM1_TRG_COM_TIM11_IRQHandler            0x080001b3   Thumb Code     0  startup_stm32f207xx.o(.text)
    TIM1_UP_TIM10_IRQHandler                 0x080001b3   Thumb Code     0  startup_stm32f207xx.o(.text)
    TIM2_IRQHandler                          0x080001b3   Thumb Code     0  startup_stm32f207xx.o(.text)
    TIM3_IRQHandler                          0x080001b3   Thumb Code     0  startup_stm32f207xx.o(.text)
    TIM4_IRQHandler                          0x080001b3   Thumb Code     0  startup_stm32f207xx.o(.text)
    TIM5_IRQHandler                          0x080001b3   Thumb Code     0  startup_stm32f207xx.o(.text)
    TIM6_DAC_IRQHandler                      0x080001b3   Thumb Code     0  startup_stm32f207xx.o(.text)
    TIM7_IRQHandler                          0x080001b3   Thumb Code     0  startup_stm32f207xx.o(.text)
    TIM8_BRK_TIM12_IRQHandler                0x080001b3   Thumb Code     0  startup_stm32f207xx.o(.text)
    TIM8_CC_IRQHandler                       0x080001b3   Thumb Code     0  startup_stm32f207xx.o(.text)
    TIM8_TRG_COM_TIM14_IRQHandler            0x080001b3   Thumb Code     0  startup_stm32f207xx.o(.text)
    TIM8_UP_TIM13_IRQHandler                 0x080001b3   Thumb Code     0  startup_stm32f207xx.o(.text)
    UART4_IRQHandler                         0x080001b3   Thumb Code     0  startup_stm32f207xx.o(.text)
    UART5_IRQHandler                         0x080001b3   Thumb Code     0  startup_stm32f207xx.o(.text)
    USART3_IRQHandler                        0x080001b3   Thumb Code     0  startup_stm32f207xx.o(.text)
    USART6_IRQHandler                        0x080001b3   Thumb Code     0  startup_stm32f207xx.o(.text)
    WWDG_IRQHandler                          0x080001b3   Thumb Code     0  startup_stm32f207xx.o(.text)
    __aeabi_uldivmod                         0x080001bd   Thumb Code    98  uldiv.o(.text)
    __aeabi_memcpy                           0x0800021f   Thumb Code    36  memcpya.o(.text)
    __aeabi_memcpy4                          0x0800021f   Thumb Code     0  memcpya.o(.text)
    __aeabi_memcpy8                          0x0800021f   Thumb Code     0  memcpya.o(.text)
    __aeabi_memset                           0x08000243   Thumb Code    14  memseta.o(.text)
    __aeabi_memset4                          0x08000243   Thumb Code     0  memseta.o(.text)
    __aeabi_memset8                          0x08000243   Thumb Code     0  memseta.o(.text)
    __aeabi_memclr                           0x08000251   Thumb Code     4  memseta.o(.text)
    __aeabi_memclr4                          0x08000251   Thumb Code     0  memseta.o(.text)
    __aeabi_memclr8                          0x08000251   Thumb Code     0  memseta.o(.text)
    _memset$wrapper                          0x08000255   Thumb Code    18  memseta.o(.text)
    strstr                                   0x08000267   Thumb Code    36  strstr.o(.text)
    strlen                                   0x0800028b   Thumb Code    14  strlen.o(.text)
    strncmp                                  0x08000299   Thumb Code    30  strncmp.o(.text)
    __aeabi_uidiv                            0x080002b7   Thumb Code     0  uidiv.o(.text)
    __aeabi_uidivmod                         0x080002b7   Thumb Code    44  uidiv.o(.text)
    __aeabi_llsl                             0x080002e3   Thumb Code    30  llshl.o(.text)
    _ll_shift_l                              0x080002e3   Thumb Code     0  llshl.o(.text)
    __aeabi_llsr                             0x08000301   Thumb Code    32  llushr.o(.text)
    _ll_ushift_r                             0x08000301   Thumb Code     0  llushr.o(.text)
    __scatterload                            0x08000321   Thumb Code    28  init.o(.text)
    __scatterload_rt2                        0x08000321   Thumb Code     0  init.o(.text)
    BusFault_Handler                         0x08000345   Thumb Code     2  stm32f2xx_it.o(i.BusFault_Handler)
    DMA1_Stream5_IRQHandler                  0x08000349   Thumb Code     6  stm32f2xx_it.o(i.DMA1_Stream5_IRQHandler)
    DMA1_Stream6_IRQHandler                  0x08000355   Thumb Code     6  stm32f2xx_it.o(i.DMA1_Stream6_IRQHandler)
    DMA2_Stream2_IRQHandler                  0x08000361   Thumb Code     6  stm32f2xx_it.o(i.DMA2_Stream2_IRQHandler)
    DMA2_Stream7_IRQHandler                  0x0800036d   Thumb Code     6  stm32f2xx_it.o(i.DMA2_Stream7_IRQHandler)
    DebugMon_Handler                         0x0800041d   Thumb Code     2  stm32f2xx_it.o(i.DebugMon_Handler)
    HAL_DMA_Abort                            0x0800041f   Thumb Code   142  stm32f2xx_hal_dma.o(i.HAL_DMA_Abort)
    HAL_DMA_Abort_IT                         0x080004ad   Thumb Code    36  stm32f2xx_hal_dma.o(i.HAL_DMA_Abort_IT)
    HAL_DMA_IRQHandler                       0x080004d1   Thumb Code   412  stm32f2xx_hal_dma.o(i.HAL_DMA_IRQHandler)
    HAL_DMA_Init                             0x08000671   Thumb Code   206  stm32f2xx_hal_dma.o(i.HAL_DMA_Init)
    HAL_DMA_Start_IT                         0x08000745   Thumb Code   120  stm32f2xx_hal_dma.o(i.HAL_DMA_Start_IT)
    HAL_Delay                                0x080007bd   Thumb Code    28  stm32f2xx_hal.o(i.HAL_Delay)
    HAL_GPIO_Init                            0x080007d9   Thumb Code   398  stm32f2xx_hal_gpio.o(i.HAL_GPIO_Init)
    HAL_GetTick                              0x08000999   Thumb Code     6  stm32f2xx_hal.o(i.HAL_GetTick)
    HAL_IncTick                              0x080009a5   Thumb Code    10  stm32f2xx_hal.o(i.HAL_IncTick)
    HAL_Init                                 0x080009b5   Thumb Code    48  stm32f2xx_hal.o(i.HAL_Init)
    HAL_InitTick                             0x080009e9   Thumb Code    34  stm32f2xx_hal.o(i.HAL_InitTick)
    HAL_MspInit                              0x08000a11   Thumb Code    88  stm32f2xx_hal_msp.o(i.HAL_MspInit)
    HAL_NVIC_EnableIRQ                       0x08000a69   Thumb Code    22  stm32f2xx_hal_cortex.o(i.HAL_NVIC_EnableIRQ)
    HAL_NVIC_SetPriority                     0x08000a81   Thumb Code    60  stm32f2xx_hal_cortex.o(i.HAL_NVIC_SetPriority)
    HAL_NVIC_SetPriorityGrouping             0x08000ac1   Thumb Code    26  stm32f2xx_hal_cortex.o(i.HAL_NVIC_SetPriorityGrouping)
    HAL_RCC_ClockConfig                      0x08000ae5   Thumb Code   294  stm32f2xx_hal_rcc.o(i.HAL_RCC_ClockConfig)
    HAL_RCC_GetHCLKFreq                      0x08000c1d   Thumb Code     6  stm32f2xx_hal_rcc.o(i.HAL_RCC_GetHCLKFreq)
    HAL_RCC_GetPCLK1Freq                     0x08000c29   Thumb Code    34  stm32f2xx_hal_rcc.o(i.HAL_RCC_GetPCLK1Freq)
    HAL_RCC_GetPCLK2Freq                     0x08000c59   Thumb Code    34  stm32f2xx_hal_rcc.o(i.HAL_RCC_GetPCLK2Freq)
    HAL_RCC_GetSysClockFreq                  0x08000c89   Thumb Code    88  stm32f2xx_hal_rcc.o(i.HAL_RCC_GetSysClockFreq)
    HAL_RCC_OscConfig                        0x08000ced   Thumb Code   722  stm32f2xx_hal_rcc.o(i.HAL_RCC_OscConfig)
    HAL_SPI_Init                             0x08000fd1   Thumb Code   128  stm32f2xx_hal_spi.o(i.HAL_SPI_Init)
    HAL_SPI_MspInit                          0x08001051   Thumb Code   166  spi.o(i.HAL_SPI_MspInit)
    HAL_SYSTICK_CLKSourceConfig              0x08001115   Thumb Code    24  stm32f2xx_hal_cortex.o(i.HAL_SYSTICK_CLKSourceConfig)
    HAL_SYSTICK_Config                       0x0800112d   Thumb Code    40  stm32f2xx_hal_cortex.o(i.HAL_SYSTICK_Config)
    HAL_UART_DMAStop                         0x08001155   Thumb Code    88  stm32f2xx_hal_uart.o(i.HAL_UART_DMAStop)
    HAL_UART_ErrorCallback                   0x080011ad   Thumb Code     2  stm32f2xx_hal_uart.o(i.HAL_UART_ErrorCallback)
    HAL_UART_IRQHandler                      0x080011b1   Thumb Code   266  stm32f2xx_hal_uart.o(i.HAL_UART_IRQHandler)
    HAL_UART_Init                            0x080012c1   Thumb Code    98  stm32f2xx_hal_uart.o(i.HAL_UART_Init)
    HAL_UART_MspInit                         0x08001325   Thumb Code   322  usart.o(i.HAL_UART_MspInit)
    HAL_UART_Receive_DMA                     0x0800149d   Thumb Code   138  stm32f2xx_hal_uart.o(i.HAL_UART_Receive_DMA)
    HAL_UART_RxCpltCallback                  0x08001535   Thumb Code     2  stm32f2xx_hal_uart.o(i.HAL_UART_RxCpltCallback)
    HAL_UART_RxHalfCpltCallback              0x08001537   Thumb Code     2  stm32f2xx_hal_uart.o(i.HAL_UART_RxHalfCpltCallback)
    HAL_UART_Transmit                        0x08001539   Thumb Code   186  stm32f2xx_hal_uart.o(i.HAL_UART_Transmit)
    HAL_UART_Transmit_DMA                    0x080015f5   Thumb Code   114  stm32f2xx_hal_uart.o(i.HAL_UART_Transmit_DMA)
    HAL_UART_TxCpltCallback                  0x08001675   Thumb Code    52  usart.o(i.HAL_UART_TxCpltCallback)
    HAL_UART_TxHalfCpltCallback              0x080016b5   Thumb Code     2  stm32f2xx_hal_uart.o(i.HAL_UART_TxHalfCpltCallback)
    HardFault_Handler                        0x080016b7   Thumb Code     2  stm32f2xx_it.o(i.HardFault_Handler)
    InitSimcom                               0x080016b9   Thumb Code   210  sim7600.o(i.InitSimcom)
    MX_DMA_Init                              0x080017d9   Thumb Code    38  dma.o(i.MX_DMA_Init)
    MX_GPIO_Init                             0x08001805   Thumb Code    86  gpio.o(i.MX_GPIO_Init)
    MX_SPI1_Init                             0x080018c9   Thumb Code    64  spi.o(i.MX_SPI1_Init)
    MX_SPI2_Init                             0x08001921   Thumb Code    64  spi.o(i.MX_SPI2_Init)
    MX_SPI3_Init                             0x08001979   Thumb Code    64  spi.o(i.MX_SPI3_Init)
    MX_USART1_UART_Init                      0x080019d1   Thumb Code    52  usart.o(i.MX_USART1_UART_Init)
    MX_USART2_UART_Init                      0x08001a1d   Thumb Code    52  usart.o(i.MX_USART2_UART_Init)
    MemManage_Handler                        0x08001a69   Thumb Code     2  stm32f2xx_it.o(i.MemManage_Handler)
    NMI_Handler                              0x08001a6b   Thumb Code     2  stm32f2xx_it.o(i.NMI_Handler)
    PendSV_Handler                           0x08001a8d   Thumb Code     2  stm32f2xx_it.o(i.PendSV_Handler)
    SIMCOM_RECIVE                            0x08001a91   Thumb Code    22  usart.o(i.SIMCOM_RECIVE)
    SVC_Handler                              0x08001aad   Thumb Code     2  stm32f2xx_it.o(i.SVC_Handler)
    SimcomConnectServer                      0x08001ab1   Thumb Code    62  sim7600.o(i.SimcomConnectServer)
    SimcomExecuteCmd                         0x08001b15   Thumb Code   118  sim7600.o(i.SimcomExecuteCmd)
    SimcomOpenNet                            0x08001b91   Thumb Code    68  sim7600.o(i.SimcomOpenNet)
    SimcomSendData                           0x08001be9   Thumb Code   120  sim7600.o(i.SimcomSendData)
    SimcomSetServer                          0x08001c79   Thumb Code    96  sim7600.o(i.SimcomSetServer)
    SysTick_Handler                          0x08001cfd   Thumb Code    54  clock.o(i.SysTick_Handler)
    SystemClock_Config                       0x08001d39   Thumb Code   114  main.o(i.SystemClock_Config)
    SystemInit                               0x08001dad   Thumb Code    54  system_stm32f2xx.o(i.SystemInit)
    UART2_RxDmaCallback                      0x08001df5   Thumb Code   596  sim7600.o(i.UART2_RxDmaCallback)
    USART1_IRQHandler                        0x080026c5   Thumb Code     6  stm32f2xx_it.o(i.USART1_IRQHandler)
    USART2_IRQHandler                        0x080026d1   Thumb Code    16  stm32f2xx_it.o(i.USART2_IRQHandler)
    UsageFault_Handler                       0x080026e5   Thumb Code     2  stm32f2xx_it.o(i.UsageFault_Handler)
    Usart1SendData_DMA                       0x080026e9   Thumb Code    50  usart.o(i.Usart1SendData_DMA)
    Usart2SendData_DMA                       0x08002725   Thumb Code    52  usart.o(i.Usart2SendData_DMA)
    _Error_Handler                           0x0800275d   Thumb Code     2  main.o(i._Error_Handler)
    __0printf$6                              0x08002761   Thumb Code    22  printf6.o(i.__0printf$6)
    __1printf$6                              0x08002761   Thumb Code     0  printf6.o(i.__0printf$6)
    __2printf                                0x08002761   Thumb Code     0  printf6.o(i.__0printf$6)
    __0sprintf$6                             0x08002781   Thumb Code    34  printf6.o(i.__0sprintf$6)
    __1sprintf$6                             0x08002781   Thumb Code     0  printf6.o(i.__0sprintf$6)
    __2sprintf                               0x08002781   Thumb Code     0  printf6.o(i.__0sprintf$6)
    __scatterload_copy                       0x080027a9   Thumb Code    14  handlers.o(i.__scatterload_copy)
    __scatterload_null                       0x080027b7   Thumb Code     2  handlers.o(i.__scatterload_null)
    __scatterload_zeroinit                   0x080027b9   Thumb Code    14  handlers.o(i.__scatterload_zeroinit)
    autostart_start                          0x08002b59   Thumb Code    26  autostart.o(i.autostart_start)
    clock_init                               0x08002bb9   Thumb Code    46  clock.o(i.clock_init)
    clock_time                               0x08002bf1   Thumb Code     6  clock.o(i.clock_time)
    delay_init                               0x08002bfd   Thumb Code    16  delay.o(i.delay_init)
    etimer_pending                           0x08002cad   Thumb Code    12  etimer.o(i.etimer_pending)
    etimer_request_poll                      0x08002cbd   Thumb Code     6  etimer.o(i.etimer_request_poll)
    etimer_reset                             0x08002cc9   Thumb Code    18  etimer.o(i.etimer_reset)
    etimer_set                               0x08002cdb   Thumb Code    18  etimer.o(i.etimer_set)
    fputc                                    0x08002d69   Thumb Code    20  main.o(i.fputc)
    main                                     0x08002d81   Thumb Code   176  main.o(i.main)
    process_init                             0x08002eb1   Thumb Code    18  process.o(i.process_init)
    process_poll                             0x08002ec9   Thumb Code    24  process.o(i.process_poll)
    process_post                             0x08002ee5   Thumb Code    50  process.o(i.process_post)
    process_post_synch                       0x08002f21   Thumb Code    14  process.o(i.process_post_synch)
    process_run                              0x08002f35   Thumb Code    24  process.o(i.process_run)
    process_start                            0x08002f51   Thumb Code    50  process.o(i.process_start)
    timer_expired                            0x080030bd   Thumb Code    28  timer.o(i.timer_expired)
    timer_reset                              0x080030d9   Thumb Code    10  timer.o(i.timer_reset)
    timer_set                                0x080030e3   Thumb Code    14  timer.o(i.timer_set)
    AHBPrescTable                            0x08003130   Data          16  system_stm32f2xx.o(.constdata)
    APBPrescTable                            0x08003140   Data           8  system_stm32f2xx.o(.constdata)
    autostart_processes                      0x08003148   Data           8  main.o(.constdata)
    Region$$Table$$Base                      0x080031dc   Number         0  anon$$obj.o(Region$$Table)
    Region$$Table$$Limit                     0x080031fc   Number         0  anon$$obj.o(Region$$Table)
    uwTick                                   0x20000000   Data           4  stm32f2xx_hal.o(.data)
    SystemCoreClock                          0x20000004   Data           4  system_stm32f2xx.o(.data)
    first                                    0x20000008   Data           1  main.o(.data)
    idle_counter                             0x2000000a   Data           2  main.o(.data)
    sim7600_send_process                     0x2000000c   Data          16  main.o(.data)
    commandid_reply                          0x20000020   Data           1  sim7600.o(.data)
    cmds                                     0x20000024   Data         144  sim7600.o(.data)
    TickCounter                              0x200000c0   Data           4  clock.o(.data)
    process_list                             0x200000cc   Data           4  process.o(.data)
    process_current                          0x200000d0   Data           4  process.o(.data)
    etimer_process                           0x200000e8   Data          16  etimer.o(.data)
    __stdout                                 0x200000f8   Data           4  stdout.o(.data)
    UART_RX_DATA1                            0x2000012c   Data         134  usart.o(.bss)
    UART_RX_DATA2                            0x200001b2   Data         134  usart.o(.bss)
    huart1                                   0x20000238   Data          64  usart.o(.bss)
    huart2                                   0x20000278   Data          64  usart.o(.bss)
    hdma_usart1_rx                           0x200002b8   Data          96  usart.o(.bss)
    hdma_usart1_tx                           0x20000318   Data          96  usart.o(.bss)
    hdma_usart2_rx                           0x20000378   Data          96  usart.o(.bss)
    hdma_usart2_tx                           0x200003d8   Data          96  usart.o(.bss)
    hspi1                                    0x20000438   Data          88  spi.o(.bss)
    hspi2                                    0x20000490   Data          88  spi.o(.bss)
    hspi3                                    0x200004e8   Data          88  spi.o(.bss)
    uartrx1_buffer                           0x20000540   Data          64  sim7600.o(.bss)
    __initial_sp                             0x20000b00   Data           0  startup_stm32f207xx.o(STACK)



==============================================================================

Memory Map of the image

  Image Entry point : 0x08000185

  Load Region LR_IROM1 (Base: 0x08000000, Size: 0x000032f8, Max: 0x00040000, ABSOLUTE)

    Execution Region ER_IROM1 (Base: 0x08000000, Size: 0x000031fc, Max: 0x00040000, ABSOLUTE)

    Base Addr    Size         Type   Attr      Idx    E Section Name        Object

    0x08000000   0x00000184   Data   RO         2278    RESET               startup_stm32f207xx.o
    0x08000184   0x00000000   Code   RO         2664  * .ARM.Collect$$$$00000000  mc_w.l(entry.o)
    0x08000184   0x00000004   Code   RO         2942    .ARM.Collect$$$$00000001  mc_w.l(entry2.o)
    0x08000188   0x00000004   Code   RO         2945    .ARM.Collect$$$$00000004  mc_w.l(entry5.o)
    0x0800018c   0x00000000   Code   RO         2947    .ARM.Collect$$$$00000008  mc_w.l(entry7b.o)
    0x0800018c   0x00000000   Code   RO         2949    .ARM.Collect$$$$0000000A  mc_w.l(entry8b.o)
    0x0800018c   0x00000008   Code   RO         2950    .ARM.Collect$$$$0000000B  mc_w.l(entry9a.o)
    0x08000194   0x00000000   Code   RO         2952    .ARM.Collect$$$$0000000D  mc_w.l(entry10a.o)
    0x08000194   0x00000000   Code   RO         2954    .ARM.Collect$$$$0000000F  mc_w.l(entry11a.o)
    0x08000194   0x00000004   Code   RO         2943    .ARM.Collect$$$$00002712  mc_w.l(entry2.o)
    0x08000198   0x00000024   Code   RO         2279    .text               startup_stm32f207xx.o
    0x080001bc   0x00000062   Code   RO         2667    .text               mc_w.l(uldiv.o)
    0x0800021e   0x00000024   Code   RO         2669    .text               mc_w.l(memcpya.o)
    0x08000242   0x00000024   Code   RO         2671    .text               mc_w.l(memseta.o)
    0x08000266   0x00000024   Code   RO         2673    .text               mc_w.l(strstr.o)
    0x0800028a   0x0000000e   Code   RO         2675    .text               mc_w.l(strlen.o)
    0x08000298   0x0000001e   Code   RO         2677    .text               mc_w.l(strncmp.o)
    0x080002b6   0x0000002c   Code   RO         2957    .text               mc_w.l(uidiv.o)
    0x080002e2   0x0000001e   Code   RO         2959    .text               mc_w.l(llshl.o)
    0x08000300   0x00000020   Code   RO         2961    .text               mc_w.l(llushr.o)
    0x08000320   0x00000024   Code   RO         2974    .text               mc_w.l(init.o)
    0x08000344   0x00000002   Code   RO         1757    i.BusFault_Handler  stm32f2xx_it.o
    0x08000346   0x00000002   PAD
    0x08000348   0x0000000c   Code   RO         1758    i.DMA1_Stream5_IRQHandler  stm32f2xx_it.o
    0x08000354   0x0000000c   Code   RO         1759    i.DMA1_Stream6_IRQHandler  stm32f2xx_it.o
    0x08000360   0x0000000c   Code   RO         1760    i.DMA2_Stream2_IRQHandler  stm32f2xx_it.o
    0x0800036c   0x0000000c   Code   RO         1761    i.DMA2_Stream7_IRQHandler  stm32f2xx_it.o
    0x08000378   0x00000028   Code   RO          479    i.DMA_CalcBaseAndBitshift  stm32f2xx_hal_dma.o
    0x080003a0   0x00000054   Code   RO          480    i.DMA_CheckFifoParam  stm32f2xx_hal_dma.o
    0x080003f4   0x00000028   Code   RO          481    i.DMA_SetConfig     stm32f2xx_hal_dma.o
    0x0800041c   0x00000002   Code   RO         1762    i.DebugMon_Handler  stm32f2xx_it.o
    0x0800041e   0x0000008e   Code   RO          482    i.HAL_DMA_Abort     stm32f2xx_hal_dma.o
    0x080004ac   0x00000024   Code   RO          483    i.HAL_DMA_Abort_IT  stm32f2xx_hal_dma.o
    0x080004d0   0x000001a0   Code   RO          487    i.HAL_DMA_IRQHandler  stm32f2xx_hal_dma.o
    0x08000670   0x000000d4   Code   RO          488    i.HAL_DMA_Init      stm32f2xx_hal_dma.o
    0x08000744   0x00000078   Code   RO          492    i.HAL_DMA_Start_IT  stm32f2xx_hal_dma.o
    0x080007bc   0x0000001c   Code   RO          961    i.HAL_Delay         stm32f2xx_hal.o
    0x080007d8   0x000001c0   Code   RO          732    i.HAL_GPIO_Init     stm32f2xx_hal_gpio.o
    0x08000998   0x0000000c   Code   RO          967    i.HAL_GetTick       stm32f2xx_hal.o
    0x080009a4   0x00000010   Code   RO          969    i.HAL_IncTick       stm32f2xx_hal.o
    0x080009b4   0x00000034   Code   RO          970    i.HAL_Init          stm32f2xx_hal.o
    0x080009e8   0x00000028   Code   RO          971    i.HAL_InitTick      stm32f2xx_hal.o
    0x08000a10   0x00000058   Code   RO         2071    i.HAL_MspInit       stm32f2xx_hal_msp.o
    0x08000a68   0x00000016   Code   RO         1112    i.HAL_NVIC_EnableIRQ  stm32f2xx_hal_cortex.o
    0x08000a7e   0x00000002   PAD
    0x08000a80   0x00000040   Code   RO         1118    i.HAL_NVIC_SetPriority  stm32f2xx_hal_cortex.o
    0x08000ac0   0x00000024   Code   RO         1119    i.HAL_NVIC_SetPriorityGrouping  stm32f2xx_hal_cortex.o
    0x08000ae4   0x00000138   Code   RO          586    i.HAL_RCC_ClockConfig  stm32f2xx_hal_rcc.o
    0x08000c1c   0x0000000c   Code   RO          591    i.HAL_RCC_GetHCLKFreq  stm32f2xx_hal_rcc.o
    0x08000c28   0x00000030   Code   RO          593    i.HAL_RCC_GetPCLK1Freq  stm32f2xx_hal_rcc.o
    0x08000c58   0x00000030   Code   RO          594    i.HAL_RCC_GetPCLK2Freq  stm32f2xx_hal_rcc.o
    0x08000c88   0x00000064   Code   RO          595    i.HAL_RCC_GetSysClockFreq  stm32f2xx_hal_rcc.o
    0x08000cec   0x000002e4   Code   RO          598    i.HAL_RCC_OscConfig  stm32f2xx_hal_rcc.o
    0x08000fd0   0x00000080   Code   RO         1458    i.HAL_SPI_Init      stm32f2xx_hal_spi.o
    0x08001050   0x000000c4   Code   RO         2158    i.HAL_SPI_MspInit   spi.o
    0x08001114   0x00000018   Code   RO         1121    i.HAL_SYSTICK_CLKSourceConfig  stm32f2xx_hal_cortex.o
    0x0800112c   0x00000028   Code   RO         1123    i.HAL_SYSTICK_Config  stm32f2xx_hal_cortex.o
    0x08001154   0x00000058   Code   RO          154    i.HAL_UART_DMAStop  stm32f2xx_hal_uart.o
    0x080011ac   0x00000002   Code   RO          156    i.HAL_UART_ErrorCallback  stm32f2xx_hal_uart.o
    0x080011ae   0x00000002   PAD
    0x080011b0   0x00000110   Code   RO          159    i.HAL_UART_IRQHandler  stm32f2xx_hal_uart.o
    0x080012c0   0x00000062   Code   RO          160    i.HAL_UART_Init     stm32f2xx_hal_uart.o
    0x08001322   0x00000002   PAD
    0x08001324   0x00000178   Code   RO         1999    i.HAL_UART_MspInit  usart.o
    0x0800149c   0x00000098   Code   RO          164    i.HAL_UART_Receive_DMA  stm32f2xx_hal_uart.o
    0x08001534   0x00000002   Code   RO          166    i.HAL_UART_RxCpltCallback  stm32f2xx_hal_uart.o
    0x08001536   0x00000002   Code   RO          167    i.HAL_UART_RxHalfCpltCallback  stm32f2xx_hal_uart.o
    0x08001538   0x000000ba   Code   RO          168    i.HAL_UART_Transmit  stm32f2xx_hal_uart.o
    0x080015f2   0x00000002   PAD
    0x080015f4   0x00000080   Code   RO          169    i.HAL_UART_Transmit_DMA  stm32f2xx_hal_uart.o
    0x08001674   0x00000040   Code   RO         2000    i.HAL_UART_TxCpltCallback  usart.o
    0x080016b4   0x00000002   Code   RO          172    i.HAL_UART_TxHalfCpltCallback  stm32f2xx_hal_uart.o
    0x080016b6   0x00000002   Code   RO         1763    i.HardFault_Handler  stm32f2xx_it.o
    0x080016b8   0x00000120   Code   RO         2211    i.InitSimcom        sim7600.o
    0x080017d8   0x0000002c   Code   RO         2133    i.MX_DMA_Init       dma.o
    0x08001804   0x0000005c   Code   RO         1873    i.MX_GPIO_Init      gpio.o
    0x08001860   0x00000066   Code   RO         1900    i.MX_NVIC_Init      main.o
    0x080018c6   0x00000002   PAD
    0x080018c8   0x00000058   Code   RO         2159    i.MX_SPI1_Init      spi.o
    0x08001920   0x00000058   Code   RO         2160    i.MX_SPI2_Init      spi.o
    0x08001978   0x00000058   Code   RO         2161    i.MX_SPI3_Init      spi.o
    0x080019d0   0x0000004c   Code   RO         2001    i.MX_USART1_UART_Init  usart.o
    0x08001a1c   0x0000004c   Code   RO         2002    i.MX_USART2_UART_Init  usart.o
    0x08001a68   0x00000002   Code   RO         1764    i.MemManage_Handler  stm32f2xx_it.o
    0x08001a6a   0x00000002   Code   RO         1765    i.NMI_Handler       stm32f2xx_it.o
    0x08001a6c   0x00000020   Code   RO         1125    i.NVIC_SetPriority  stm32f2xx_hal_cortex.o
    0x08001a8c   0x00000002   Code   RO         1766    i.PendSV_Handler    stm32f2xx_it.o
    0x08001a8e   0x00000002   PAD
    0x08001a90   0x0000001c   Code   RO         2003    i.SIMCOM_RECIVE     usart.o
    0x08001aac   0x00000002   Code   RO         1767    i.SVC_Handler       stm32f2xx_it.o
    0x08001aae   0x00000002   PAD
    0x08001ab0   0x00000064   Code   RO         2212    i.SimcomConnectServer  sim7600.o
    0x08001b14   0x0000007c   Code   RO         2213    i.SimcomExecuteCmd  sim7600.o
    0x08001b90   0x00000058   Code   RO         2214    i.SimcomOpenNet     sim7600.o
    0x08001be8   0x00000090   Code   RO         2215    i.SimcomSendData    sim7600.o
    0x08001c78   0x00000084   Code   RO         2216    i.SimcomSetServer   sim7600.o
    0x08001cfc   0x0000003c   Code   RO         2286    i.SysTick_Handler   clock.o
    0x08001d38   0x00000072   Code   RO         1901    i.SystemClock_Config  main.o
    0x08001daa   0x00000002   PAD
    0x08001dac   0x00000048   Code   RO         1720    i.SystemInit        system_stm32f2xx.o
    0x08001df4   0x000003c8   Code   RO         2217    i.UART2_RxDmaCallback  sim7600.o
    0x080021bc   0x00000010   Code   RO          173    i.UART_DMAAbortOnError  stm32f2xx_hal_uart.o
    0x080021cc   0x0000004a   Code   RO          174    i.UART_DMAError     stm32f2xx_hal_uart.o
    0x08002216   0x0000003c   Code   RO          175    i.UART_DMAReceiveCplt  stm32f2xx_hal_uart.o
    0x08002252   0x0000000a   Code   RO          177    i.UART_DMARxHalfCplt  stm32f2xx_hal_uart.o
    0x0800225c   0x0000002e   Code   RO          179    i.UART_DMATransmitCplt  stm32f2xx_hal_uart.o
    0x0800228a   0x0000000a   Code   RO          181    i.UART_DMATxHalfCplt  stm32f2xx_hal_uart.o
    0x08002294   0x0000001c   Code   RO          183    i.UART_EndRxTransfer  stm32f2xx_hal_uart.o
    0x080022b0   0x00000012   Code   RO          184    i.UART_EndTxTransfer  stm32f2xx_hal_uart.o
    0x080022c2   0x0000008c   Code   RO          185    i.UART_Receive_IT   stm32f2xx_hal_uart.o
    0x0800234e   0x00000002   PAD
    0x08002350   0x000002ac   Code   RO          186    i.UART_SetConfig    stm32f2xx_hal_uart.o
    0x080025fc   0x00000062   Code   RO          187    i.UART_Transmit_IT  stm32f2xx_hal_uart.o
    0x0800265e   0x00000064   Code   RO          188    i.UART_WaitOnFlagUntilTimeout  stm32f2xx_hal_uart.o
    0x080026c2   0x00000002   PAD
    0x080026c4   0x0000000c   Code   RO         1768    i.USART1_IRQHandler  stm32f2xx_it.o
    0x080026d0   0x00000014   Code   RO         1769    i.USART2_IRQHandler  stm32f2xx_it.o
    0x080026e4   0x00000002   Code   RO         1770    i.UsageFault_Handler  stm32f2xx_it.o
    0x080026e6   0x00000002   PAD
    0x080026e8   0x0000003c   Code   RO         2004    i.Usart1SendData_DMA  usart.o
    0x08002724   0x00000038   Code   RO         2005    i.Usart2SendData_DMA  usart.o
    0x0800275c   0x00000002   Code   RO         1902    i._Error_Handler    main.o
    0x0800275e   0x00000002   PAD
    0x08002760   0x00000020   Code   RO         2836    i.__0printf$6       mc_w.l(printf6.o)
    0x08002780   0x00000028   Code   RO         2838    i.__0sprintf$6      mc_w.l(printf6.o)
    0x080027a8   0x0000000e   Code   RO         2982    i.__scatterload_copy  mc_w.l(handlers.o)
    0x080027b6   0x00000002   Code   RO         2983    i.__scatterload_null  mc_w.l(handlers.o)
    0x080027b8   0x0000000e   Code   RO         2984    i.__scatterload_zeroinit  mc_w.l(handlers.o)
    0x080027c6   0x00000002   PAD
    0x080027c8   0x000002f0   Code   RO         2843    i._printf_core      mc_w.l(printf6.o)
    0x08002ab8   0x00000024   Code   RO         2844    i._printf_post_padding  mc_w.l(printf6.o)
    0x08002adc   0x0000002e   Code   RO         2845    i._printf_pre_padding  mc_w.l(printf6.o)
    0x08002b0a   0x0000000a   Code   RO         2847    i._sputc            mc_w.l(printf6.o)
    0x08002b14   0x00000044   Code   RO         2525    i.add_timer         etimer.o
    0x08002b58   0x0000001a   Code   RO         2365    i.autostart_start   autostart.o
    0x08002b72   0x00000002   PAD
    0x08002b74   0x00000044   Code   RO         2390    i.call_process      process.o
    0x08002bb8   0x00000038   Code   RO         2287    i.clock_init        clock.o
    0x08002bf0   0x0000000c   Code   RO         2289    i.clock_time        clock.o
    0x08002bfc   0x00000014   Code   RO         2095    i.delay_init        delay.o
    0x08002c10   0x00000070   Code   RO         2391    i.do_event          process.o
    0x08002c80   0x0000002c   Code   RO         2392    i.do_poll           process.o
    0x08002cac   0x00000010   Code   RO         2530    i.etimer_pending    etimer.o
    0x08002cbc   0x0000000c   Code   RO         2531    i.etimer_request_poll  etimer.o
    0x08002cc8   0x00000012   Code   RO         2532    i.etimer_reset      etimer.o
    0x08002cda   0x00000012   Code   RO         2534    i.etimer_set        etimer.o
    0x08002cec   0x0000007c   Code   RO         2393    i.exit_process      process.o
    0x08002d68   0x00000018   Code   RO         1903    i.fputc             main.o
    0x08002d80   0x00000130   Code   RO         1904    i.main              main.o
    0x08002eb0   0x00000018   Code   RO         2396    i.process_init      process.o
    0x08002ec8   0x0000001c   Code   RO         2399    i.process_poll      process.o
    0x08002ee4   0x0000003c   Code   RO         2400    i.process_post      process.o
    0x08002f20   0x00000014   Code   RO         2401    i.process_post_synch  process.o
    0x08002f34   0x0000001c   Code   RO         2402    i.process_run       process.o
    0x08002f50   0x00000038   Code   RO         2403    i.process_start     process.o
    0x08002f88   0x000000a0   Code   RO         2537    i.process_thread_etimer_process  etimer.o
    0x08003028   0x00000094   Code   RO         1907    i.process_thread_sim7600_send_process  main.o
    0x080030bc   0x0000001c   Code   RO         2489    i.timer_expired     timer.o
    0x080030d8   0x0000000a   Code   RO         2491    i.timer_reset       timer.o
    0x080030e2   0x0000000e   Code   RO         2493    i.timer_set         timer.o
    0x080030f0   0x00000038   Code   RO         2538    i.update_time       etimer.o
    0x08003128   0x00000008   Data   RO          494    .constdata          stm32f2xx_hal_dma.o
    0x08003130   0x00000010   Data   RO         1721    .constdata          system_stm32f2xx.o
    0x08003140   0x00000008   Data   RO         1722    .constdata          system_stm32f2xx.o
    0x08003148   0x00000008   Data   RO         1909    .constdata          main.o
    0x08003150   0x00000009   Data   RO         1912    .conststring        main.o
    0x08003159   0x00000003   PAD
    0x0800315c   0x00000071   Data   RO         2219    .conststring        sim7600.o
    0x080031cd   0x00000003   PAD
    0x080031d0   0x0000000c   Data   RO         2539    .conststring        etimer.o
    0x080031dc   0x00000020   Data   RO         2980    Region$$Table       anon$$obj.o


    Execution Region RW_IRAM1 (Base: 0x20000000, Size: 0x00000b00, Max: 0x00020000, ABSOLUTE)

    Base Addr    Size         Type   Attr      Idx    E Section Name        Object

    0x20000000   0x00000004   Data   RW          976    .data               stm32f2xx_hal.o
    0x20000004   0x00000004   Data   RW         1723    .data               system_stm32f2xx.o
    0x20000008   0x00000004   Data   RW         1913    .data               main.o
    0x2000000c   0x00000010   Data   RW         1916    .data               main.o
    0x2000001c   0x00000004   Data   RW         2098    .data               delay.o
    0x20000020   0x00000094   Data   RW         2220    .data               sim7600.o
    0x200000b4   0x00000010   Data   RW         2290    .data               clock.o
    0x200000c4   0x0000001c   Data   RW         2405    .data               process.o
    0x200000e0   0x00000018   Data   RW         2540    .data               etimer.o
    0x200000f8   0x00000004   Data   RW         2956    .data               mc_w.l(stdout.o)
    0x200000fc   0x00000030   Zero   RW         1908    .bss                main.o
    0x2000012c   0x0000030c   Zero   RW         2006    .bss                usart.o
    0x20000438   0x00000108   Zero   RW         2162    .bss                spi.o
    0x20000540   0x00000040   Zero   RW         2218    .bss                sim7600.o
    0x20000580   0x00000180   Zero   RW         2404    .bss                process.o
    0x20000700   0x00000400   Zero   RW         2276    STACK               startup_stm32f207xx.o


==============================================================================

Image component sizes


      Code (inc. data)   RO Data    RW Data    ZI Data      Debug   Object Name

        26          0          0          0          0       3433   autostart.o
       128         22          0         16          0      26393   clock.o
        20          4          0          4          0        681   delay.o
        44          6          0          0          0        770   dma.o
       348         30         12         24          0       5372   etimer.o
        92          6          0          0          0        879   gpio.o
       694        198         17         20         48       6536   main.o
       564         60          0         28        384       9475   process.o
      1844        574        113        148         64       7017   sim7600.o
       460        102          0          0        264       2851   spi.o
        36          8        388          0       1024        780   startup_stm32f207xx.o
       148         22          0          4          0       4139   stm32f2xx_hal.o
       218         14          0          0          0      28081   stm32f2xx_hal_cortex.o
      1090         16          8          0          0       7186   stm32f2xx_hal_dma.o
       448         50          0          0          0       1772   stm32f2xx_hal_gpio.o
        88          0          0          0          0        498   stm32f2xx_hal_msp.o
      1260         82          0          0          0       5388   stm32f2xx_hal_rcc.o
       128          0          0          0          0       1211   stm32f2xx_hal_spi.o
         0          0          0          0          0     632895   stm32f2xx_hal_tim.o
      2216         42          0          0          0      15639   stm32f2xx_hal_uart.o
        96         34          0          0          0       6136   stm32f2xx_it.o
        72         18         24          4          0       1175   system_stm32f2xx.o
        52          0          0          0          0       1986   timer.o
       736        134          0          0        780       5682   usart.o

    ----------------------------------------------------------------------
     10836       1422        600        248       2564     775975   Object Totals
         0          0         32          0          0          0   (incl. Generated)
        28          0          6          0          0          0   (incl. Padding)

    ----------------------------------------------------------------------

      Code (inc. data)   RO Data    RW Data    ZI Data      Debug   Library Member Name

         0          0          0          0          0          0   entry.o
         0          0          0          0          0          0   entry10a.o
         0          0          0          0          0          0   entry11a.o
         8          4          0          0          0          0   entry2.o
         4          0          0          0          0          0   entry5.o
         0          0          0          0          0          0   entry7b.o
         0          0          0          0          0          0   entry8b.o
         8          4          0          0          0          0   entry9a.o
        30          0          0          0          0          0   handlers.o
        36          8          0          0          0         68   init.o
        30          0          0          0          0         68   llshl.o
        32          0          0          0          0         68   llushr.o
        36          0          0          0          0         68   memcpya.o
        36          0          0          0          0        108   memseta.o
       916         20          0          0          0        504   printf6.o
         0          0          0          4          0          0   stdout.o
        14          0          0          0          0         68   strlen.o
        30          0          0          0          0         80   strncmp.o
        36          0          0          0          0         80   strstr.o
        44          0          0          0          0         80   uidiv.o
        98          0          0          0          0         92   uldiv.o

    ----------------------------------------------------------------------
      1360         36          0          4          0       1284   Library Totals
         2          0          0          0          0          0   (incl. Padding)

    ----------------------------------------------------------------------

      Code (inc. data)   RO Data    RW Data    ZI Data      Debug   Library Name

      1358         36          0          4          0       1284   mc_w.l

    ----------------------------------------------------------------------
      1360         36          0          4          0       1284   Library Totals

    ----------------------------------------------------------------------

==============================================================================


      Code (inc. data)   RO Data    RW Data    ZI Data      Debug   

     12196       1458        600        252       2564     770963   Grand Totals
     12196       1458        600        252       2564     770963   ELF Image Totals
     12196       1458        600        252          0          0   ROM Totals

==============================================================================

    Total RO  Size (Code + RO Data)                12796 (  12.50kB)
    Total RW  Size (RW Data + ZI Data)              2816 (   2.75kB)
    Total ROM Size (Code + RO Data + RW Data)      13048 (  12.74kB)

==============================================================================

