<html>
<body>
<pre>
<h1>µVision Build Log</h1>
<h2>Tool Versions:</h2>
IDE-Version: ¦ÌVision V5.18a
Copyright (C) 2016 ARM Ltd and ARM Germany GmbH. All rights reserved.
License Information: 1 1, 1, LIC=47GUH-W4VVP-NNYAF-6ZR8V-6JJC2-KE6L9
 
Tool Versions:
Toolchain:       MDK-ARM Standard  Version: 5.18a
Toolchain Path:  D:\mysaftware\keil_5.12\ARM\ARMCC\Bin
C Compiler:      Armcc.exe V5.06 update 1 (build 61)
Assembler:       Armasm.exe V5.06 update 1 (build 61)
Linker/Locator:  ArmLink.exe V5.06 update 1 (build 61)
Library Manager: ArmAr.exe V5.06 update 1 (build 61)
Hex Converter:   FromElf.exe V5.06 update 1 (build 61)
CPU DLL:         SARMCM3.DLL V5.18a
Dialog DLL:      DCM.DLL V1.13.6.0
Target DLL:      STLink\ST-LINKIII-KEIL_SWO.dll V2.0.18.0
Dialog DLL:      TCM.DLL V1.14.8.0
 
<h2>Project:</h2>
C:\Users\NBI_Ysheng\Desktop\stm32l072\sim7600\SIM7600\SIM7600\MDK-ARM\SIM7600.uvprojx
Project File Date:  12/11/2017

<h2>Output:</h2>
*** Using Compiler 'V5.06 update 1 (build 61)', folder: 'D:\mysaftware\keil_5.12\ARM\ARMCC\Bin'
Build target 'SIM7600'
compiling main.c...
../Src/main.c(167): warning:  #177-D: variable "time_out" was declared but never referenced
  static uint32_t time_out = 0;
../Src/main.c: 1 warning, 0 errors
compiling sim7600.c...
linking...
Program Size: Code=12196 RO-data=600 RW-data=252 ZI-data=2564  
FromELF: creating hex file...
"SIM7600\SIM7600.axf" - 0 Error(s), 1 Warning(s).

<h2>Software Packages used:</h2>

Package Vendor: ARM
                http://www.keil.com/pack/ARM.CMSIS.4.5.0.pack
                ARM::CMSIS:CORE:4.3.0
                CMSIS (Cortex Microcontroller Software Interface Standard)
   * Component: CORE Version: 4.3.0

<h2>Collection of Component include folders:</h2>
  C:\Users\NBI_Ysheng\Desktop\stm32l072\sim7600\SIM7600\SIM7600\MDK-ARM\RTE
  D:\mysaftware\keil_5.12\ARM\PACK\ARM\CMSIS\4.5.0\CMSIS\Include
  D:\mysaftware\keil_5.12\ARM\PACK\Keil\STM32F2xx_DFP\2.6.0\Drivers\CMSIS\Device\ST\STM32F2xx\Include

<h2>Collection of Component Files used:</h2>

   * Component: ARM::CMSIS:CORE:4.3.0
Build Time Elapsed:  00:00:05
</pre>
</body>
</html>
